Archive member included because of file (symbol)

/homes/cs354/bin/cross_compiler/lib/gcc/arm-none-eabi/4.8.1//libgcc.a(_udivsi3.o)
                              binaries/qsort.o (__aeabi_uidiv)
/homes/cs354/bin/cross_compiler/lib/gcc/arm-none-eabi/4.8.1//libgcc.a(_divsi3.o)
                              binaries/xsh_help.o (__aeabi_idiv)
/homes/cs354/bin/cross_compiler/lib/gcc/arm-none-eabi/4.8.1//libgcc.a(_dvmd_tls.o)
                              /homes/cs354/bin/cross_compiler/lib/gcc/arm-none-eabi/4.8.1//libgcc.a(_udivsi3.o) (__aeabi_idiv0)

Allocating common symbols
Common symbol       size              file

netbufpool          0x4               binaries/net.o
readylist           0x14              binaries/ready.o
rfltab              0x5a0             binaries/rflinit.o
sleepq              0x2               binaries/clkinit.o
intc_vector         0x200             binaries/evec.o
nnames              0x4               binaries/naminit.o
udptab              0x168             binaries/udp.o
minheap             0x4               binaries/meminit.o
marks               0x50              binaries/mark.o
currpid             0x4               binaries/initialize.o
Lf_data             0x20c             binaries/lfsinit.o
porttab             0x2d0             binaries/ptinit.o
ttytab              0x110             binaries/ttyinit.o
proctab             0x1a90            binaries/initialize.o
eth_a_regs          0x1c              binaries/ethinit.o
prcount             0x4               binaries/initialize.o
lfltab              0xf00             binaries/lflinit.o
rdstab              0x8c              binaries/rdsinit.o
ethertab            0x138             binaries/ethinit.o
nsaddr              0x4               binaries/dns.o
NetData             0xa8              binaries/net.o
nmarks              0x4               binaries/mark.o
Defer               0x8               binaries/resched.o
semtab              0x4b0             binaries/initialize.o
maxheap             0x4               binaries/meminit.o
preempt             0x4               binaries/clkinit.o
buftab              0xf0              binaries/bufinit.o
Rf_data             0x18              binaries/rfsinit.o
mkmutex             0x4               binaries/mark.o
clktime             0x4               binaries/clkinit.o
arpcache            0x140             binaries/arp.o
icmptab             0x230             binaries/icmp.o
nbpools             0x4               binaries/bufinit.o
queuetab            0xa20             binaries/queue.o
ptnextid            0x4               binaries/ptinit.o
Ram                 0x19000           binaries/raminit.o
ipoqueue            0x2c              binaries/ip.o
memlist             0x8               binaries/initialize.o
nametab             0x19a0            binaries/naminit.o
ptfree              0x4               binaries/ptinit.o

Memory Configuration

Name             Origin             Length             Attributes
*default*        0x00000000         0xffffffff

Linker script and memory map

                0x81000000                physbase = 0x81000000
                0x81000000                . = physbase
                0x81000000                . = ALIGN (0x1000)

.text           0x81000000    0x16000
                0x81000000                text = ABSOLUTE (.)
 *(.text .text.*)
 .text          0x81000000       0x4c binaries/start.o
                0x81000000                start
 .text          0x8100004c      0x33c binaries/ascdate.o
                0x8100004c                ascdate
 .text          0x81000388       0x18 binaries/bufinit.o
                0x81000388                bufinit
 .text          0x810003a0       0x68 binaries/chprio.o
                0x810003a0                chprio
 .text          0x81000408      0x104 binaries/clkhandler.o
                0x81000408                clkhandler
 .text          0x8100050c       0xd4 binaries/clkinit.o
                0x8100050c                clkinit
 .text          0x810005e0       0x50 binaries/close.o
                0x810005e0                close
 .text          0x81000630        0x0 binaries/conf.o
 .text          0x81000630       0x68 binaries/control.o
                0x81000630                control
 .text          0x81000698      0x2b8 binaries/create.o
                0x81000698                create
 .text          0x81000950       0xb0 binaries/evec.o
                0x81000950                initintc
                0x8100097c                set_evec
                0x810009bc                irq_dispatch
 .text          0x81000a00       0x10 binaries/exit.o
                0x81000a00                exit
 .text          0x81000a10       0x7c binaries/freebuf.o
                0x81000a10                freebuf
 .text          0x81000a8c      0x148 binaries/freemem.o
                0x81000a8c                freemem
 .text          0x81000bd4       0x78 binaries/getbuf.o
                0x81000bd4                getbuf
 .text          0x81000c4c       0x50 binaries/getc.o
                0x81000c4c                getc
 .text          0x81000c9c       0x68 binaries/getdev.o
                0x81000c9c                getdev
 .text          0x81000d04       0xa0 binaries/getitem.o
                0x81000d04                getitem
                0x81000d34                getfirst
                0x81000d68                getlast
 .text          0x81000da4      0x108 binaries/getmem.o
                0x81000da4                getmem
 .text          0x81000eac       0x10 binaries/getpid.o
                0x81000eac                getpid
 .text          0x81000ebc       0x5c binaries/getprio.o
                0x81000ebc                getprio
 .text          0x81000f18       0xc8 binaries/getstk.o
                0x81000f18                getstk
 .text          0x81000fe0       0x38 binaries/gettime.o
                0x81000fe0                gettime
 .text          0x81001018      0x1c8 binaries/getutime.o
                0x81001018                getutime
 .text          0x810011e0       0x50 binaries/init.o
                0x810011e0                init
 .text          0x81001230      0x2a0 binaries/initialize.o
                0x81001230                nulluser
                0x81001470                stop
                0x81001494                delay
 .text          0x810014d0       0xc4 binaries/insert.o
                0x810014d0                insert
 .text          0x81001594      0x128 binaries/insertd.o
                0x81001594                insertd
 .text          0x810016bc        0x8 binaries/ioerr.o
                0x810016bc                ioerr
 .text          0x810016c4        0x8 binaries/ionull.o
                0x810016c4                ionull
 .text          0x810016cc      0x158 binaries/kill.o
                0x810016cc                kill
 .text          0x81001824       0xb4 binaries/kprintf.o
                0x81001824                kputc
                0x81001864                kgetc
                0x81001898                kprintf
 .text          0x810018d8       0x2c binaries/lab0app1.o
                0x810018d8                lab01app1
 .text          0x81001904       0x2c binaries/lab0app2.o
                0x81001904                lab0app2
 .text          0x81001930      0x254 binaries/main.o
                0x81001930                counterproc
                0x81001974                test1
                0x8100198c                myapp
                0x810019b0                main
 .text          0x81001b84       0xd0 binaries/mark.o
                0x81001b84                markinit
                0x81001bb0                mark
 .text          0x81001c54       0x48 binaries/meminit.o
                0x81001c54                meminit
 .text          0x81001c9c      0x140 binaries/mkbufpool.o
                0x81001c9c                mkbufpool
 .text          0x81001ddc       0x7c binaries/newqueue.o
                0x81001ddc                newqueue
 .text          0x81001e58       0x60 binaries/open.o
                0x81001e58                open
 .text          0x81001eb8       0x20 binaries/panic.o
                0x81001eb8                panic
 .text          0x81001ed8       0x90 binaries/platinit.o
                0x81001ed8                platinit
 .text          0x81001f68       0xa8 binaries/ptclear.o
                0x81001f68                _ptclear
 .text          0x81002010       0x78 binaries/ptcount.o
                0x81002010                ptcount
 .text          0x81002088       0xdc binaries/ptcreate.o
                0x81002088                ptcreate
 .text          0x81002164       0x74 binaries/ptdelete.o
                0x81002164                ptdelete
 .text          0x810021d8       0xbc binaries/ptinit.o
                0x810021d8                ptinit
 .text          0x81002294       0xd0 binaries/ptrecv.o
                0x81002294                ptrecv
 .text          0x81002364       0x68 binaries/ptreset.o
                0x81002364                ptreset
 .text          0x810023cc       0xf4 binaries/ptsend.o
                0x810023cc                ptsend
 .text          0x810024c0       0x58 binaries/putc.o
                0x810024c0                putc
 .text          0x81002518       0xe4 binaries/queue.o
                0x81002518                enqueue
                0x810025a0                dequeue
 .text          0x810025fc       0x60 binaries/read.o
                0x810025fc                read
 .text          0x8100265c       0x84 binaries/ready.o
                0x8100265c                ready
 .text          0x810026e0       0x60 binaries/receive.o
                0x810026e0                receive
 .text          0x81002740       0x48 binaries/recvclr.o
                0x81002740                recvclr
 .text          0x81002788       0xb0 binaries/recvtime.o
                0x81002788                recvtime
 .text          0x81002838      0x418 binaries/resched.o
                0x81002838                resched
                0x81002b94                resched_cntl
 .text          0x81002c50       0x90 binaries/resume.o
                0x81002c50                resume
 .text          0x81002ce0       0x58 binaries/seek.o
                0x81002ce0                seek
 .text          0x81002d38       0x58 binaries/semcount.o
                0x81002d38                semcount
 .text          0x81002d90       0xb8 binaries/semcreate.o
                0x81002d90                semcreate
 .text          0x81002e48       0xac binaries/semdelete.o
                0x81002e48                semdelete
 .text          0x81002ef4       0xa4 binaries/semreset.o
                0x81002ef4                semreset
 .text          0x81002f98       0xc0 binaries/send.o
                0x81002f98                send
 .text          0x81003058       0x80 binaries/signal.o
                0x81003058                signal
 .text          0x810030d8       0xb0 binaries/signaln.o
                0x810030d8                signaln
 .text          0x81003188       0xcc binaries/sleep.o
                0x81003188                sleepms
                0x81003224                sleep
 .text          0x81003254       0xbc binaries/suspend.o
                0x81003254                suspend
 .text          0x81003310       0xb8 binaries/unsleep.o
                0x81003310                unsleep
 .text          0x810033c8       0x10 binaries/userret.o
                0x810033c8                userret
 .text          0x810033d8       0xac binaries/wait.o
                0x810033d8                wait
 .text          0x81003484       0x94 binaries/wakeup.o
                0x81003484                wakeup
 .text          0x81003518       0x60 binaries/write.o
                0x81003518                write
 .text          0x81003578       0x18 binaries/xdone.o
                0x81003578                xdone
 .text          0x81003590       0x44 binaries/yield.o
                0x81003590                yield
 .text          0x810035d4        0xc binaries/abs.o
                0x810035d4                abs
 .text          0x810035e0      0x114 binaries/atoi.o
                0x810035e0                atoi
 .text          0x810036f4      0x114 binaries/atol.o
                0x810036f4                atol
 .text          0x81003808       0x20 binaries/bzero.o
                0x81003808                bzero
 .text          0x81003828        0x0 binaries/ctype_.o
 .text          0x81003828      0x8fc binaries/doprnt.o
                0x81003a0c                _doprnt
 .text          0x81004124      0x704 binaries/doscan.o
                0x81004124                _doscan
 .text          0x81004828      0x898 binaries/fdoprnt.o
                0x810048d4                _fdoprnt
 .text          0x810050c0       0x14 binaries/fgetc.o
                0x810050c0                fgetc
 .text          0x810050d4       0x84 binaries/fgets.o
                0x810050d4                fgets
 .text          0x81005158       0x3c binaries/fprintf.o
                0x81005158                fprintf
 .text          0x81005194       0x24 binaries/fputc.o
                0x81005194                fputc
 .text          0x810051b8       0x38 binaries/fputs.o
                0x810051b8                fputs
 .text          0x810051f0       0x78 binaries/fscanf.o
                0x81005224                fscanf
 .text          0x81005268       0x2c binaries/getchar.o
                0x81005268                getchar
 .text          0x81005294        0xc binaries/labs.o
                0x81005294                labs
 .text          0x810052a0       0x48 binaries/memchr.o
                0x810052a0                memchr
 .text          0x810052e8       0x60 binaries/memcmp.o
                0x810052e8                memcmp
 .text          0x81005348       0x24 binaries/memcpy.o
                0x81005348                memcpy
 .text          0x8100536c       0x20 binaries/memset.o
                0x8100536c                memset
 .text          0x8100538c       0x58 binaries/printf.o
                0x8100538c                printf
 .text          0x810053e4       0x2c binaries/putchar.o
                0x810053e4                putchar
 .text          0x81005410      0x254 binaries/qsort.o
                0x81005644                qsort
 .text          0x81005664       0x3c binaries/rand.o
                0x81005664                srand
                0x81005674                rand
 .text          0x810056a0       0x68 binaries/sprintf.o
                0x810056b8                sprintf
 .text          0x81005708       0x78 binaries/sscanf.o
                0x8100573c                sscanf
 .text          0x81005780       0x48 binaries/strchr.o
                0x81005780                strchr
 .text          0x810057c8       0x54 binaries/strcmp.o
                0x810057c8                strcmp
 .text          0x8100581c       0x18 binaries/strcpy.o
                0x8100581c                strcpy
 .text          0x81005834       0x30 binaries/strlen.o
                0x81005834                strlen
 .text          0x81005864       0x50 binaries/strncat.o
                0x81005864                strncat
 .text          0x810058b4       0x54 binaries/strncmp.o
                0x810058b4                strncmp
 .text          0x81005908       0x80 binaries/strncpy.o
                0x81005908                strncpy
 .text          0x81005988       0x48 binaries/strnlen.o
                0x81005988                strnlen
 .text          0x810059d0       0x58 binaries/strrchr.o
                0x810059d0                strrchr
 .text          0x81005a28       0xb0 binaries/strstr.o
                0x81005a28                strstr
 .text          0x81005ad8       0xc8 binaries/ttycontrol.o
                0x81005ad8                ttycontrol
 .text          0x81005ba0       0x6c binaries/ttygetc.o
                0x81005ba0                ttygetc
 .text          0x81005c0c      0x4d8 binaries/ttyhandle_in.o
                0x81005cd8                ttyhandle_in
 .text          0x810060e4      0x14c binaries/ttyhandle_out.o
                0x810060e4                ttyhandle_out
 .text          0x81006230       0xc8 binaries/ttyhandler.o
                0x81006230                ttyhandler
 .text          0x810062f8      0x120 binaries/ttyinit.o
                0x810062f8                ttyinit
 .text          0x81006418        0xc binaries/ttykickout.o
                0x81006418                ttykickout
 .text          0x81006424       0x78 binaries/ttyputc.o
                0x81006424                ttyputc
 .text          0x8100649c      0x110 binaries/ttyread.o
                0x8100649c                ttyread
 .text          0x810065ac       0x4c binaries/ttywrite.o
                0x810065ac                ttywrite
 .text          0x810065f8      0x134 binaries/mount.o
                0x810065f8                namlen
                0x8100664c                mount
 .text          0x8100672c      0x1c8 binaries/naminit.o
                0x8100672c                naminit
 .text          0x810068f4      0x240 binaries/nammap.o
                0x810068f4                namrepl
                0x81006a2c                namcpy
                0x81006a88                nammap
 .text          0x81006b34       0x40 binaries/namopen.o
                0x81006b34                namopen
 .text          0x81006b74      0x114 binaries/colon2mac.o
                0x81006b74                colon2mac
 .text          0x81006c88       0x40 binaries/ethcontrol.o
                0x81006c88                ethcontrol
 .text          0x81006cc8      0x178 binaries/ethhandler.o
                0x81006cc8                ethhandler
 .text          0x81006e40      0x734 binaries/ethinit.o
                0x81006e40                eth_phy_read
                0x81006eb0                eth_phy_write
                0x81006f08                eth_phy_reset
                0x81007078                ethinit
 .text          0x81007574       0xd8 binaries/ethread.o
                0x81007574                ethread
 .text          0x8100764c       0xf0 binaries/ethwrite.o
                0x8100764c                ethwrite
 .text          0x8100773c       0x90 binaries/rdsbufalloc.o
                0x8100773c                rdsbufalloc
 .text          0x810077cc       0xa0 binaries/rdsclose.o
                0x810077cc                rdsclose
 .text          0x8100786c      0x1ec binaries/rdscomm.o
                0x8100786c                rdscomm
 .text          0x81007a58      0x174 binaries/rdscontrol.o
                0x81007a58                rdscontrol
 .text          0x81007bcc      0x178 binaries/rdsinit.o
                0x81007bcc                rdsinit
 .text          0x81007d44      0x134 binaries/rdsopen.o
                0x81007d44                rdsopen
 .text          0x81007e78      0x304 binaries/rdsprocess.o
                0x81007e78                rdsprocess
 .text          0x8100817c      0x1f4 binaries/rdsread.o
                0x8100817c                rdsread
 .text          0x81008370      0x168 binaries/rdswrite.o
                0x81008370                rdswrite
 .text          0x810084d8        0x8 binaries/ramclose.o
                0x810084d8                ramclose
 .text          0x810084e0       0x3c binaries/raminit.o
                0x810084e0                raminit
 .text          0x8100851c        0x8 binaries/ramopen.o
                0x8100851c                ramopen
 .text          0x81008524       0x24 binaries/ramread.o
                0x81008524                ramread
 .text          0x81008548       0x20 binaries/ramwrite.o
                0x81008548                ramwrite
 .text          0x81008568       0x94 binaries/lfdballoc.o
                0x81008568                lfdballoc
 .text          0x810085fc       0x50 binaries/lfdbfree.o
                0x810085fc                lfdbfree
 .text          0x8100864c       0xb8 binaries/lfflush.o
                0x8100864c                lfflush
 .text          0x81008704       0xc8 binaries/lfgetmode.o
                0x81008704                lfgetmode
 .text          0x810087cc       0x6c binaries/lfiballoc.o
                0x810087cc                lfiballoc
 .text          0x81008838       0x30 binaries/lfibclear.o
                0x81008838                lfibclear
 .text          0x81008868       0x64 binaries/lfibget.o
                0x81008868                lfibget
 .text          0x810088cc       0x8c binaries/lfibput.o
                0x810088cc                lfibput
 .text          0x81008958       0x84 binaries/lflclose.o
                0x81008958                lflclose
 .text          0x810089dc       0xa0 binaries/lflcontrol.o
                0x810089dc                lflcontrol
 .text          0x81008a7c       0xa8 binaries/lflgetc.o
                0x81008a7c                lflgetc
 .text          0x81008b24       0xa8 binaries/lflinit.o
                0x81008b24                lflinit
 .text          0x81008bcc       0xdc binaries/lflputc.o
                0x81008bcc                lflputc
 .text          0x81008ca8       0x78 binaries/lflread.o
                0x81008ca8                lflread
 .text          0x81008d20       0x80 binaries/lflseek.o
                0x81008d20                lflseek
 .text          0x81008da0       0x5c binaries/lflwrite.o
                0x81008da0                lflwrite
 .text          0x81008dfc      0x11c binaries/lfsckfmt.o
                0x81008dfc                lfsckfmt
 .text          0x81008f18      0x15c binaries/lfscreate.o
                0x81008f18                lfscreate
 .text          0x81009074      0x1f0 binaries/lfsetup.o
                0x81009074                lfsetup
 .text          0x81009264       0x44 binaries/lfsinit.o
                0x81009264                lfsinit
 .text          0x810092a8      0x324 binaries/lfsopen.o
                0x810092a8                lfsopen
 .text          0x810095cc      0x108 binaries/lftruncate.o
                0x810095cc                lftruncate
 .text          0x810096d4       0x70 binaries/rflclose.o
                0x810096d4                rflclose
 .text          0x81009744       0x28 binaries/rflgetc.o
                0x81009744                rflgetc
 .text          0x8100976c       0x54 binaries/rflinit.o
                0x8100976c                rflinit
 .text          0x810097c0       0x30 binaries/rflputc.o
                0x810097c0                rflputc
 .text          0x810097f0      0x28c binaries/rflread.o
                0x810097f0                rflread
 .text          0x81009a7c       0x74 binaries/rflseek.o
                0x81009a7c                rflseek
 .text          0x81009af0      0x2c8 binaries/rflwrite.o
                0x81009af0                rflwrite
 .text          0x81009db8      0x198 binaries/rfscomm.o
                0x81009db8                rfscomm
 .text          0x81009f50      0x224 binaries/rfscontrol.o
                0x81009f50                rfscontrol
 .text          0x8100a174       0xc8 binaries/rfsgetmode.o
                0x8100a174                rfsgetmode
 .text          0x8100a23c       0x84 binaries/rfsinit.o
                0x8100a23c                rfsinit
 .text          0x8100a2c0       0xa4 binaries/rfsndmsg.o
                0x8100a2c0                rfsndmsg
 .text          0x8100a364      0x22c binaries/rfsopen.o
                0x8100a364                rfsopen
 .text          0x8100a590       0x8c binaries/spicontrol.o
                0x8100a590                spicontrol
 .text          0x8100a61c       0xa8 binaries/spiinit.o
                0x8100a61c                spiinit
 .text          0x8100a6c4      0x714 binaries/arp.o
                0x8100a6c4                arp_init
                0x8100a6e4                arp_alloc
                0x8100a7b8                arp_ntoh
                0x8100a85c                arp_hton
                0x8100a900                arp_resolve
                0x8100ab64                arp_in
 .text          0x8100add8      0xdc4 binaries/dhcp.o
                0x8100add8                dump_dhcp_msg
                0x8100b424                get_dhcp_option_value
                0x8100b484                build_dhcp_discover
                0x8100b5b0                build_dhcp_request
                0x8100b75c                getlocalip_boot
                0x8100bb84                getlocalip
 .text          0x8100bb9c      0x420 binaries/dns.o
                0x8100bb9c                dns_bldq
                0x8100bc50                dns_getrname
                0x8100bd18                dns_geta
                0x8100be4c                dns_qa
 .text          0x8100bfbc      0x104 binaries/dot2ip.o
                0x8100bfbc                dot2ip
 .text          0x8100c0c0      0x33c binaries/hexdump.o
                0x8100c0c0                hexdump
                0x8100c220                hexadump
 .text          0x8100c3fc      0x660 binaries/icmp.o
                0x8100c3fc                icmp_init
                0x8100c420                icmp_register
                0x8100c4dc                icmp_recv
                0x8100c62c                icmp_mkpkt
                0x8100c71c                icmp_in
                0x8100c868                icmp_send
                0x8100c8d8                icmp_release
                0x8100c994                icmp_cksum
                0x8100c9f4                icmp_hton
                0x8100ca28                icmp_ntoh
 .text          0x8100ca5c      0x674 binaries/ip.o
                0x8100ca5c                ip_local
                0x8100ca8c                ipcksum
                0x8100cad0                ip_ntoh
                0x8100cb74                ip_in
                0x8100ccb0                ip_hton
                0x8100cd54                ip_out
                0x8100ce08                ip_send
                0x8100cf38                ipout
                0x8100d034                ip_enqueue
 .text          0x8100d0d0      0x1c8 binaries/net.o
                0x8100d0d0                net_init
                0x8100d1c8                eth_hton
                0x8100d1dc                eth_ntoh
                0x8100d1f0                netin
 .text          0x8100d298       0xbc binaries/netstart.o
                0x8100d298                netstart
 .text          0x8100d354      0x9dc binaries/pdump.o
                0x8100d354                pdump
                0x8100d8e0                pdumph
 .text          0x8100dd30      0x590 binaries/tftp.o
                0x8100dd30                tftp_send1
                0x8100de1c                tftpget_mb
                0x8100e28c                tftpget
 .text          0x8100e2c0      0x890 binaries/udp.o
                0x8100e2c0                udp_init
                0x8100e2e8                udp_in
                0x8100e3d4                udp_register
                0x8100e4d0                udp_recv
                0x8100e604                udp_recvaddr
                0x8100e754                udp_send
                0x8100e8cc                udp_sendto
                0x8100ea2c                udp_release
                0x8100eae8                udp_ntoh
                0x8100eb1c                udp_hton
 .text          0x8100eb50      0x120 binaries/addargs.o
                0x8100eb50                addargs
 .text          0x8100ec70      0x2b4 binaries/lexan.o
                0x8100ec70                lexan
 .text          0x8100ef24      0x6ac binaries/shell.o
                0x8100ef24                shell
 .text          0x8100f5d0       0x64 binaries/xsh_argecho.o
                0x8100f5d0                xsh_argecho
 .text          0x8100f634      0x1f8 binaries/xsh_arp.o
                0x8100f634                xsh_arp
 .text          0x8100f82c      0x23c binaries/xsh_cat.o
                0x8100f82c                xsh_cat
 .text          0x8100fa68       0x5c binaries/xsh_clear.o
                0x8100fa68                xsh_clear
 .text          0x8100fac4      0x29c binaries/xsh_date.o
                0x8100fac4                xsh_date
 .text          0x8100fd60       0x98 binaries/xsh_devdump.o
                0x8100fd60                xsh_devdump
 .text          0x8100fdf8       0x68 binaries/xsh_echo.o
                0x8100fdf8                xsh_echo
 .text          0x8100fe60        0x8 binaries/xsh_exit.o
                0x8100fe60                xsh_exit
 .text          0x8100fe68      0x3d0 binaries/xsh_help.o
                0x8100fe68                xsh_help
 .text          0x81010238      0x354 binaries/xsh_ipaddr.o
                0x81010238                xsh_ipaddr
 .text          0x8101058c      0x1f8 binaries/xsh_kill.o
                0x8101058c                xsh_kill
 .text          0x81010784      0x2ac binaries/xsh_led.o
                0x81010784                xsh_led
 .text          0x81010a30      0x454 binaries/xsh_memdump.o
                0x81010b2c                xsh_memdump
 .text          0x81010e84      0x224 binaries/xsh_memstat.o
                0x81010e84                xsh_memstat
 .text          0x810110a8      0x3b0 binaries/xsh_ping.o
                0x810110a8                xsh_ping
 .text          0x81011458      0x220 binaries/xsh_ps.o
                0x81011458                xsh_ps
 .text          0x81011678      0x1cc binaries/xsh_sleep.o
                0x81011678                xsh_sleep
 .text          0x81011844      0x244 binaries/xsh_udpdump.o
                0x81011844                xsh_udpdump
 .text          0x81011a88      0x400 binaries/xsh_udpecho.o
                0x81011a88                xsh_udpecho
 .text          0x81011e88      0x254 binaries/xsh_udpeserver.o
                0x81011e88                xsh_udpeserver
 .text          0x810120dc      0x1ac binaries/xsh_uptime.o
                0x810120dc                xsh_uptime
 .text          0x81012288       0x2c binaries/ctxsw.o
                0x81012288                ctxsw
 .text          0x810122b4      0x100 binaries/intr.o
                0x810122b4                disable
                0x810122c0                restore
                0x810122e4                enable
                0x810122ec                pause
                0x810122ec                halt
                0x810122f4                irq_except
                0x81012324                initevec
                0x81012384                expjmpinstr
 .text          0x810123b4      0x114 /homes/cs354/bin/cross_compiler/lib/gcc/arm-none-eabi/4.8.1//libgcc.a(_udivsi3.o)
                0x810123b4                __udivsi3
                0x810123b4                __aeabi_uidiv
                0x810124a8                __aeabi_uidivmod
 .text          0x810124c8      0x148 /homes/cs354/bin/cross_compiler/lib/gcc/arm-none-eabi/4.8.1//libgcc.a(_divsi3.o)
                0x810124c8                __aeabi_idiv
                0x810124c8                __divsi3
                0x810125f0                __aeabi_idivmod
 .text          0x81012610        0x4 /homes/cs354/bin/cross_compiler/lib/gcc/arm-none-eabi/4.8.1//libgcc.a(_dvmd_tls.o)
                0x81012610                __aeabi_ldiv0
                0x81012610                __aeabi_idiv0
 *(.rodata .rodata.*)
 .rodata.str1.4
                0x81012614       0x78 binaries/ascdate.o
 .rodata.str1.4
                0x8101268c       0xd9 binaries/conf.o
                                 0xdc (size before relaxing)
 *fill*         0x81012765        0x3 
 .rodata.str1.4
                0x81012768       0x60 binaries/getutime.o
 .rodata.str1.4
                0x810127c8      0x13c binaries/initialize.o
                                0x140 (size before relaxing)
 .rodata.str1.4
                0x81012904       0x1c binaries/lab0app1.o
                                 0x20 (size before relaxing)
 .rodata.str1.4
                0x81012920       0x17 binaries/lab0app2.o
                                 0x1c (size before relaxing)
 *fill*         0x81012937        0x1 
 .rodata.str1.4
                0x81012938      0x153 binaries/main.o
                                0x154 (size before relaxing)
 *fill*         0x81012a8b        0x1 
 .rodata.str1.4
                0x81012a8c       0x10 binaries/panic.o
 .rodata.str1.4
                0x81012a9c       0x1c binaries/ptinit.o
 .rodata.str1.4
                0x81012ab8       0x25 binaries/ptsend.o
                                 0x28 (size before relaxing)
 *fill*         0x81012add        0x3 
 .rodata.str1.4
                0x81012ae0       0x27 binaries/xdone.o
                                 0x28 (size before relaxing)
 *fill*         0x81012b07        0x1 
 .rodata        0x81012b08       0x84 binaries/ctype_.o
                0x81012b08                _ctype_
 .rodata.str1.4
                0x81012b8c       0x2f binaries/doprnt.o
                                 0x30 (size before relaxing)
 .rodata.str1.4
                0x00000000       0x30 binaries/fdoprnt.o
 *fill*         0x81012bbb        0x1 
 .rodata.str1.4
                0x81012bbc       0x86 binaries/naminit.o
                                 0x90 (size before relaxing)
 *fill*         0x81012c42        0x2 
 .rodata.str1.4
                0x81012c44       0xe5 binaries/ethinit.o
                                 0xe8 (size before relaxing)
 *fill*         0x81012d29        0x3 
 .rodata.str1.4
                0x81012d2c       0x12 binaries/ethread.o
                                 0x14 (size before relaxing)
 *fill*         0x81012d3e        0x2 
 .rodata.str1.4
                0x81012d40       0x2c binaries/rdsbufalloc.o
 .rodata.str1.4
                0x81012d6c       0x76 binaries/rdscomm.o
                                 0x78 (size before relaxing)
 *fill*         0x81012de2        0x2 
 .rodata.str1.4
                0x81012de4       0x48 binaries/rdscontrol.o
 .rodata.str1.4
                0x81012e2c       0x96 binaries/rdsinit.o
                                 0x98 (size before relaxing)
 *fill*         0x81012ec2        0x2 
 .rodata.str1.4
                0x81012ec4       0x22 binaries/rdsopen.o
                                 0x24 (size before relaxing)
 *fill*         0x81012ee6        0x2 
 .rodata.str1.4
                0x81012ee8       0x4d binaries/rdsprocess.o
                                 0x50 (size before relaxing)
 *fill*         0x81012f35        0x3 
 .rodata.str1.4
                0x81012f38        0x9 binaries/raminit.o
                                  0xc (size before relaxing)
 *fill*         0x81012f41        0x3 
 .rodata.str1.4
                0x81012f44       0x37 binaries/lfdballoc.o
                                 0x38 (size before relaxing)
 *fill*         0x81012f7b        0x1 
 .rodata.str1.4
                0x81012f7c       0x14 binaries/lfiballoc.o
 .rodata.str1.4
                0x81012f90       0x23 binaries/lflcontrol.o
                                 0x24 (size before relaxing)
 *fill*         0x81012fb3        0x1 
 .rodata.str1.4
                0x81012fb4       0xbb binaries/lfsckfmt.o
                                 0xbc (size before relaxing)
 *fill*         0x8101306f        0x1 
 .rodata.str1.4
                0x81013070       0x21 binaries/rflread.o
                                 0x24 (size before relaxing)
 .rodata.str1.4
                0x00000000       0x24 binaries/rflwrite.o
 *fill*         0x81013091        0x3 
 .rodata.str1.4
                0x81013094       0x75 binaries/rfscomm.o
                                 0x78 (size before relaxing)
 *fill*         0x81013109        0x3 
 .rodata.str1.4
                0x8101310c       0x23 binaries/rfscontrol.o
                                 0x24 (size before relaxing)
 *fill*         0x8101312f        0x1 
 .rodata.str1.4
                0x81013130       0x63 binaries/rfsinit.o
                                 0x64 (size before relaxing)
 *fill*         0x81013193        0x1 
 .rodata.str1.4
                0x81013194       0x2a binaries/rfsndmsg.o
                                 0x2c (size before relaxing)
 .rodata.str1.4
                0x00000000       0x24 binaries/rfsopen.o
 *fill*         0x810131be        0x2 
 .rodata.str1.4
                0x810131c0       0x3d binaries/arp.o
                                 0x40 (size before relaxing)
 *fill*         0x810131fd        0x3 
 .rodata.str1.4
                0x81013200      0x462 binaries/dhcp.o
                                0x468 (size before relaxing)
 *fill*         0x81013662        0x2 
 .rodata.str1.4
                0x81013664       0xca binaries/hexdump.o
                                 0xd8 (size before relaxing)
 *fill*         0x8101372e        0x2 
 .rodata.str1.4
                0x81013730       0x29 binaries/icmp.o
                                 0x2c (size before relaxing)
 *fill*         0x81013759        0x3 
 .rodata.str1.4
                0x8101375c       0x6e binaries/ip.o
                                 0x70 (size before relaxing)
 *fill*         0x810137ca        0x2 
 .rodata.str1.4
                0x810137cc       0x53 binaries/net.o
                                 0x54 (size before relaxing)
 *fill*         0x8101381f        0x1 
 .rodata.str1.4
                0x81013820       0xcf binaries/netstart.o
                                 0xd0 (size before relaxing)
 *fill*         0x810138ef        0x1 
 .rodata.str1.4
                0x810138f0      0x292 binaries/pdump.o
                                0x298 (size before relaxing)
 *fill*         0x81013b82        0x2 
 .rodata.str1.4
                0x81013b84      0x175 binaries/tftp.o
                                0x17c (size before relaxing)
 *fill*         0x81013cf9        0x3 
 .rodata        0x81013cfc       0xfc binaries/shell.o
                0x81013cfc                cmdtab
 .rodata.str1.4
                0x81013df8      0x2ea binaries/shell.o
                                0x2f4 (size before relaxing)
 *fill*         0x810140e2        0x2 
 .rodata.str1.4
                0x810140e4       0x29 binaries/xsh_argecho.o
                                 0x30 (size before relaxing)
 *fill*         0x8101410d        0x3 
 .rodata.str1.4
                0x81014110      0x13e binaries/xsh_arp.o
                                0x144 (size before relaxing)
 *fill*         0x8101424e        0x2 
 .rodata.str1.4
                0x81014250       0x81 binaries/xsh_cat.o
                                 0xd4 (size before relaxing)
 *fill*         0x810142d1        0x3 
 .rodata.str1.4
                0x810142d4       0x15 binaries/xsh_clear.o
                                 0x18 (size before relaxing)
 *fill*         0x810142e9        0x3 
 .rodata.str1.4
                0x810142ec      0x1af binaries/xsh_date.o
                                0x1cc (size before relaxing)
 *fill*         0x8101449b        0x1 
 .rodata.str1.4
                0x8101449c       0x61 binaries/xsh_devdump.o
                                 0x64 (size before relaxing)
 *fill*         0x810144fd        0x3 
 .rodata.str1.4
                0x81014500        0x8 binaries/xsh_echo.o
                                  0xc (size before relaxing)
 .rodata.str1.4
                0x81014508       0xe7 binaries/xsh_help.o
                                0x17c (size before relaxing)
 *fill*         0x810145ef        0x1 
 .rodata.str1.4
                0x810145f0       0xfb binaries/xsh_ipaddr.o
                                0x1ac (size before relaxing)
 *fill*         0x810146eb        0x1 
 .rodata.str1.4
                0x810146ec       0xc8 binaries/xsh_kill.o
                                0x138 (size before relaxing)
 .rodata.str1.4
                0x810147b4       0xf7 binaries/xsh_led.o
                                0x16c (size before relaxing)
 *fill*         0x810148ab        0x1 
 .rodata.str1.4
                0x810148ac      0x1e2 binaries/xsh_memdump.o
                                0x264 (size before relaxing)
 *fill*         0x81014a8e        0x2 
 .rodata.str1.4
                0x81014a90      0x1cc binaries/xsh_memstat.o
                                0x234 (size before relaxing)
 .rodata.str1.4
                0x81014c5c      0x13f binaries/xsh_ping.o
                                0x1b4 (size before relaxing)
 *fill*         0x81014d9b        0x1 
 .rodata        0x81014d9c       0x20 binaries/xsh_ps.o
 .rodata.str1.4
                0x81014dbc      0x11a binaries/xsh_ps.o
                                0x1d4 (size before relaxing)
 *fill*         0x81014ed6        0x2 
 .rodata.str1.4
                0x81014ed8       0x5e binaries/xsh_sleep.o
                                 0xf8 (size before relaxing)
 *fill*         0x81014f36        0x2 
 .rodata        0x81014f38        0xc binaries/xsh_udpdump.o
 .rodata.str1.4
                0x81014f44      0x122 binaries/xsh_udpdump.o
                                0x1e0 (size before relaxing)
 *fill*         0x81015066        0x2 
 .rodata.str1.4
                0x81015068      0x1ae binaries/xsh_udpecho.o
                                0x224 (size before relaxing)
 *fill*         0x81015216        0x2 
 .rodata.str1.4
                0x81015218       0x97 binaries/xsh_udpeserver.o
                                0x13c (size before relaxing)
 *fill*         0x810152af        0x1 
 .rodata.str1.4
                0x810152b0       0x78 binaries/xsh_uptime.o
                                0x114 (size before relaxing)
                0x81015328                etext = ABSOLUTE (.)
                0x81016000                . = ALIGN (0x1000)
 *fill*         0x81015328      0xcd8 

.glue_7         0x81016000        0x0
 .glue_7        0x00000000        0x0 linker stubs

.glue_7t        0x81016000        0x0
 .glue_7t       0x00000000        0x0 linker stubs

.vfp11_veneer   0x81016000        0x0
 .vfp11_veneer  0x00000000        0x0 linker stubs

.v4_bx          0x81016000        0x0
 .v4_bx         0x00000000        0x0 linker stubs

.iplt           0x81016000        0x0
 .iplt          0x00000000        0x0 binaries/start.o

.rel.dyn        0x81016000        0x0
 .rel.iplt      0x00000000        0x0 binaries/start.o

.data           0x81016000     0x1000
                0x81016000                data = ABSOLUTE (.)
 *(.data .data.*)
 .data          0x81016000        0x0 binaries/start.o
 .data          0x81016000       0x88 binaries/ascdate.o
                0x81016000                Date
 .data          0x81016088        0x0 binaries/bufinit.o
 .data          0x81016088        0x0 binaries/chprio.o
 .data          0x81016088        0x4 binaries/clkhandler.o
 .data          0x8101608c        0x0 binaries/clkinit.o
 .data          0x8101608c        0x0 binaries/close.o
 .data          0x8101608c      0x618 binaries/conf.o
                0x8101608c                devtab
 .data          0x810166a4        0x0 binaries/control.o
 .data          0x810166a4        0x4 binaries/create.o
 .data          0x810166a8       0x40 binaries/evec.o
                0x810166a8                expmsg2
                0x810166bc                expmsg1
 .data          0x810166e8        0x0 binaries/exit.o
 .data          0x810166e8        0x0 binaries/freebuf.o
 .data          0x810166e8        0x0 binaries/freemem.o
 .data          0x810166e8        0x0 binaries/getbuf.o
 .data          0x810166e8        0x0 binaries/getc.o
 .data          0x810166e8        0x0 binaries/getdev.o
 .data          0x810166e8        0x0 binaries/getitem.o
 .data          0x810166e8        0x0 binaries/getmem.o
 .data          0x810166e8        0x0 binaries/getpid.o
 .data          0x810166e8        0x0 binaries/getprio.o
 .data          0x810166e8        0x0 binaries/getstk.o
 .data          0x810166e8        0x0 binaries/gettime.o
 .data          0x810166e8        0x0 binaries/getutime.o
 .data          0x810166e8        0x0 binaries/init.o
 .data          0x810166e8        0x0 binaries/initialize.o
 .data          0x810166e8        0x0 binaries/insert.o
 .data          0x810166e8        0x0 binaries/insertd.o
 .data          0x810166e8        0x0 binaries/ioerr.o
 .data          0x810166e8        0x0 binaries/ionull.o
 .data          0x810166e8        0x0 binaries/kill.o
 .data          0x810166e8        0x0 binaries/kprintf.o
 .data          0x810166e8        0x0 binaries/lab0app1.o
 .data          0x810166e8        0x0 binaries/lab0app2.o
 .data          0x810166e8        0x4 binaries/main.o
                0x810166e8                gcounter
 .data          0x810166ec        0x0 binaries/mark.o
 .data          0x810166ec        0x0 binaries/meminit.o
 .data          0x810166ec        0x0 binaries/mkbufpool.o
 .data          0x810166ec        0x2 binaries/newqueue.o
 .data          0x810166ee        0x0 binaries/open.o
 .data          0x810166ee        0x0 binaries/panic.o
 .data          0x810166ee        0x0 binaries/platinit.o
 .data          0x810166ee        0x0 binaries/ptclear.o
 .data          0x810166ee        0x0 binaries/ptcount.o
 .data          0x810166ee        0x0 binaries/ptcreate.o
 .data          0x810166ee        0x0 binaries/ptdelete.o
 .data          0x810166ee        0x0 binaries/ptinit.o
 .data          0x810166ee        0x0 binaries/ptrecv.o
 .data          0x810166ee        0x0 binaries/ptreset.o
 .data          0x810166ee        0x0 binaries/ptsend.o
 .data          0x810166ee        0x0 binaries/putc.o
 .data          0x810166ee        0x0 binaries/queue.o
 .data          0x810166ee        0x0 binaries/read.o
 .data          0x810166ee        0x0 binaries/ready.o
 .data          0x810166ee        0x0 binaries/receive.o
 .data          0x810166ee        0x0 binaries/recvclr.o
 .data          0x810166ee        0x0 binaries/recvtime.o
 .data          0x810166ee        0x0 binaries/resched.o
 .data          0x810166ee        0x0 binaries/resume.o
 .data          0x810166ee        0x0 binaries/seek.o
 .data          0x810166ee        0x0 binaries/semcount.o
 .data          0x810166ee        0x0 binaries/semcreate.o
 .data          0x810166ee        0x0 binaries/semdelete.o
 .data          0x810166ee        0x0 binaries/semreset.o
 .data          0x810166ee        0x0 binaries/send.o
 .data          0x810166ee        0x0 binaries/signal.o
 .data          0x810166ee        0x0 binaries/signaln.o
 .data          0x810166ee        0x0 binaries/sleep.o
 .data          0x810166ee        0x0 binaries/suspend.o
 .data          0x810166ee        0x0 binaries/unsleep.o
 .data          0x810166ee        0x0 binaries/userret.o
 .data          0x810166ee        0x0 binaries/wait.o
 .data          0x810166ee        0x0 binaries/wakeup.o
 .data          0x810166ee        0x0 binaries/write.o
 .data          0x810166ee        0x0 binaries/xdone.o
 .data          0x810166ee        0x0 binaries/yield.o
 .data          0x810166ee        0x0 binaries/abs.o
 .data          0x810166ee        0x0 binaries/atoi.o
 .data          0x810166ee        0x0 binaries/atol.o
 .data          0x810166ee        0x0 binaries/bzero.o
 .data          0x810166ee        0x0 binaries/ctype_.o
 .data          0x810166ee        0x0 binaries/doprnt.o
 *fill*         0x810166ee        0x2 
 .data          0x810166f0       0x80 binaries/doscan.o
                0x810166f0                _sctab
 .data          0x81016770        0x0 binaries/fdoprnt.o
 .data          0x81016770        0x0 binaries/fgetc.o
 .data          0x81016770        0x0 binaries/fgets.o
 .data          0x81016770        0x0 binaries/fprintf.o
 .data          0x81016770        0x0 binaries/fputc.o
 .data          0x81016770        0x0 binaries/fputs.o
 .data          0x81016770        0x0 binaries/fscanf.o
 .data          0x81016770        0x0 binaries/getchar.o
 .data          0x81016770        0x0 binaries/labs.o
 .data          0x81016770        0x0 binaries/memchr.o
 .data          0x81016770        0x0 binaries/memcmp.o
 .data          0x81016770        0x0 binaries/memcpy.o
 .data          0x81016770        0x0 binaries/memset.o
 .data          0x81016770        0x0 binaries/printf.o
 .data          0x81016770        0x0 binaries/putchar.o
 .data          0x81016770        0x0 binaries/qsort.o
 .data          0x81016770        0x4 binaries/rand.o
 .data          0x81016774        0x0 binaries/sprintf.o
 .data          0x81016774        0x0 binaries/sscanf.o
 .data          0x81016774        0x0 binaries/strchr.o
 .data          0x81016774        0x0 binaries/strcmp.o
 .data          0x81016774        0x0 binaries/strcpy.o
 .data          0x81016774        0x0 binaries/strlen.o
 .data          0x81016774        0x0 binaries/strncat.o
 .data          0x81016774        0x0 binaries/strncmp.o
 .data          0x81016774        0x0 binaries/strncpy.o
 .data          0x81016774        0x0 binaries/strnlen.o
 .data          0x81016774        0x0 binaries/strrchr.o
 .data          0x81016774        0x0 binaries/strstr.o
 .data          0x81016774        0x0 binaries/ttycontrol.o
 .data          0x81016774        0x0 binaries/ttygetc.o
 .data          0x81016774        0x0 binaries/ttyhandle_in.o
 .data          0x81016774        0x0 binaries/ttyhandle_out.o
 .data          0x81016774        0x0 binaries/ttyhandler.o
 .data          0x81016774        0x0 binaries/ttyinit.o
 .data          0x81016774        0x0 binaries/ttykickout.o
 .data          0x81016774        0x0 binaries/ttyputc.o
 .data          0x81016774        0x0 binaries/ttyread.o
 .data          0x81016774        0x0 binaries/ttywrite.o
 .data          0x81016774        0x0 binaries/mount.o
 .data          0x81016774        0x0 binaries/naminit.o
 .data          0x81016774        0x0 binaries/nammap.o
 .data          0x81016774        0x0 binaries/namopen.o
 .data          0x81016774        0x0 binaries/colon2mac.o
 .data          0x81016774        0x0 binaries/ethcontrol.o
 .data          0x81016774        0x0 binaries/ethhandler.o
 .data          0x81016774        0x0 binaries/ethinit.o
 .data          0x81016774        0x0 binaries/ethread.o
 .data          0x81016774        0x0 binaries/ethwrite.o
 .data          0x81016774        0x0 binaries/rdsbufalloc.o
 .data          0x81016774        0x0 binaries/rdsclose.o
 .data          0x81016774        0x0 binaries/rdscomm.o
 .data          0x81016774        0x0 binaries/rdscontrol.o
 .data          0x81016774        0x0 binaries/rdsinit.o
 .data          0x81016774        0x0 binaries/rdsopen.o
 .data          0x81016774        0x0 binaries/rdsprocess.o
 .data          0x81016774        0x0 binaries/rdsread.o
 .data          0x81016774        0x0 binaries/rdswrite.o
 .data          0x81016774        0x0 binaries/ramclose.o
 .data          0x81016774        0x0 binaries/raminit.o
 .data          0x81016774        0x0 binaries/ramopen.o
 .data          0x81016774        0x0 binaries/ramread.o
 .data          0x81016774        0x0 binaries/ramwrite.o
 .data          0x81016774        0x0 binaries/lfdballoc.o
 .data          0x81016774        0x0 binaries/lfdbfree.o
 .data          0x81016774        0x0 binaries/lfflush.o
 .data          0x81016774        0x0 binaries/lfgetmode.o
 .data          0x81016774        0x0 binaries/lfiballoc.o
 .data          0x81016774        0x0 binaries/lfibclear.o
 .data          0x81016774        0x0 binaries/lfibget.o
 .data          0x81016774        0x0 binaries/lfibput.o
 .data          0x81016774        0x0 binaries/lflclose.o
 .data          0x81016774        0x0 binaries/lflcontrol.o
 .data          0x81016774        0x0 binaries/lflgetc.o
 .data          0x81016774        0x0 binaries/lflinit.o
 .data          0x81016774        0x0 binaries/lflputc.o
 .data          0x81016774        0x0 binaries/lflread.o
 .data          0x81016774        0x0 binaries/lflseek.o
 .data          0x81016774        0x0 binaries/lflwrite.o
 .data          0x81016774        0x0 binaries/lfsckfmt.o
 .data          0x81016774        0x0 binaries/lfscreate.o
 .data          0x81016774        0x0 binaries/lfsetup.o
 .data          0x81016774        0x0 binaries/lfsinit.o
 .data          0x81016774        0x0 binaries/lfsopen.o
 .data          0x81016774        0x0 binaries/lftruncate.o
 .data          0x81016774        0x0 binaries/rflclose.o
 .data          0x81016774        0x0 binaries/rflgetc.o
 .data          0x81016774        0x0 binaries/rflinit.o
 .data          0x81016774        0x0 binaries/rflputc.o
 .data          0x81016774        0x0 binaries/rflread.o
 .data          0x81016774        0x0 binaries/rflseek.o
 .data          0x81016774        0x0 binaries/rflwrite.o
 .data          0x81016774        0x0 binaries/rfscomm.o
 .data          0x81016774        0x0 binaries/rfscontrol.o
 .data          0x81016774        0x0 binaries/rfsgetmode.o
 .data          0x81016774        0x0 binaries/rfsinit.o
 .data          0x81016774        0x0 binaries/rfsndmsg.o
 .data          0x81016774        0x0 binaries/rfsopen.o
 .data          0x81016774        0x0 binaries/spicontrol.o
 .data          0x81016774        0x0 binaries/spiinit.o
 .data          0x81016774        0x0 binaries/arp.o
 .data          0x81016774        0x0 binaries/dhcp.o
 .data          0x81016774        0x0 binaries/dns.o
 .data          0x81016774        0x0 binaries/dot2ip.o
 .data          0x81016774        0x0 binaries/hexdump.o
 .data          0x81016774        0x4 binaries/icmp.o
 .data          0x81016778        0x0 binaries/ip.o
 .data          0x81016778        0x0 binaries/net.o
 .data          0x81016778        0x0 binaries/netstart.o
 .data          0x81016778        0x0 binaries/pdump.o
 .data          0x81016778        0x0 binaries/tftp.o
 .data          0x81016778        0x4 binaries/udp.o
 .data          0x8101677c        0x0 binaries/addargs.o
 .data          0x8101677c        0x0 binaries/lexan.o
 .data          0x8101677c        0x4 binaries/shell.o
                0x8101677c                ncmd
 .data          0x81016780        0x0 binaries/xsh_argecho.o
 .data          0x81016780        0x0 binaries/xsh_arp.o
 .data          0x81016780        0x0 binaries/xsh_cat.o
 .data          0x81016780        0x0 binaries/xsh_clear.o
 .data          0x81016780        0x0 binaries/xsh_date.o
 .data          0x81016780        0x0 binaries/xsh_devdump.o
 .data          0x81016780        0x0 binaries/xsh_echo.o
 .data          0x81016780        0x0 binaries/xsh_exit.o
 .data          0x81016780        0x0 binaries/xsh_help.o
 .data          0x81016780        0x0 binaries/xsh_ipaddr.o
 .data          0x81016780        0x0 binaries/xsh_kill.o
 .data          0x81016780        0x0 binaries/xsh_led.o
 .data          0x81016780        0x0 binaries/xsh_memdump.o
 .data          0x81016780        0x0 binaries/xsh_memstat.o
 .data          0x81016780        0x0 binaries/xsh_ping.o
 .data          0x81016780        0x0 binaries/xsh_ps.o
 .data          0x81016780        0x0 binaries/xsh_sleep.o
 .data          0x81016780        0x0 binaries/xsh_udpdump.o
 .data          0x81016780        0x0 binaries/xsh_udpecho.o
 .data          0x81016780        0x0 binaries/xsh_udpeserver.o
 .data          0x81016780        0x0 binaries/xsh_uptime.o
 .data          0x81016780        0x0 binaries/ctxsw.o
 .data          0x81016780        0x0 binaries/intr.o
 .data          0x81016780        0x0 /homes/cs354/bin/cross_compiler/lib/gcc/arm-none-eabi/4.8.1//libgcc.a(_udivsi3.o)
 .data          0x81016780        0x0 /homes/cs354/bin/cross_compiler/lib/gcc/arm-none-eabi/4.8.1//libgcc.a(_divsi3.o)
 .data          0x81016780        0x0 /homes/cs354/bin/cross_compiler/lib/gcc/arm-none-eabi/4.8.1//libgcc.a(_dvmd_tls.o)
                0x81016780                edata = ABSOLUTE (.)
                0x81017000                . = ALIGN (0x1000)
 *fill*         0x81016780      0x880 

.igot.plt       0x81017000        0x0
 .igot.plt      0x00000000        0x0 binaries/start.o

.bss            0x81017000    0x20000
                0x81017000                bss = ABSOLUTE (.)
 *(.bss .bss.*)
 .bss           0x81017000        0x0 binaries/start.o
 .bss           0x81017000        0x0 binaries/ascdate.o
 .bss           0x81017000        0x0 binaries/bufinit.o
 .bss           0x81017000        0x0 binaries/chprio.o
 .bss           0x81017000        0x0 binaries/clkhandler.o
 .bss           0x81017000        0x4 binaries/clkinit.o
                0x81017000                ctr1000
 .bss           0x81017004        0x0 binaries/close.o
 .bss           0x81017004        0x0 binaries/conf.o
 .bss           0x81017004        0x0 binaries/control.o
 .bss           0x81017004        0x0 binaries/create.o
 .bss           0x81017004        0x0 binaries/evec.o
 .bss           0x81017004        0x0 binaries/exit.o
 .bss           0x81017004        0x0 binaries/freebuf.o
 .bss           0x81017004        0x0 binaries/freemem.o
 .bss           0x81017004        0x0 binaries/getbuf.o
 .bss           0x81017004        0x0 binaries/getc.o
 .bss           0x81017004        0x0 binaries/getdev.o
 .bss           0x81017004        0x0 binaries/getitem.o
 .bss           0x81017004        0x0 binaries/getmem.o
 .bss           0x81017004        0x0 binaries/getpid.o
 .bss           0x81017004        0x0 binaries/getprio.o
 .bss           0x81017004        0x0 binaries/getstk.o
 .bss           0x81017004        0x0 binaries/gettime.o
 .bss           0x81017004        0x0 binaries/getutime.o
 .bss           0x81017004        0x0 binaries/init.o
 .bss           0x81017004        0x0 binaries/initialize.o
 .bss           0x81017004        0x0 binaries/insert.o
 .bss           0x81017004        0x0 binaries/insertd.o
 .bss           0x81017004        0x0 binaries/ioerr.o
 .bss           0x81017004        0x0 binaries/ionull.o
 .bss           0x81017004        0x0 binaries/kill.o
 .bss           0x81017004        0x0 binaries/kprintf.o
 .bss           0x81017004        0x0 binaries/lab0app1.o
 .bss           0x81017004        0x0 binaries/lab0app2.o
 .bss           0x81017004        0x0 binaries/main.o
 .bss           0x81017004        0x0 binaries/mark.o
 .bss           0x81017004        0x0 binaries/meminit.o
 .bss           0x81017004        0x0 binaries/mkbufpool.o
 .bss           0x81017004        0x0 binaries/newqueue.o
 .bss           0x81017004        0x0 binaries/open.o
 .bss           0x81017004        0x0 binaries/panic.o
 .bss           0x81017004        0x0 binaries/platinit.o
 .bss           0x81017004        0x0 binaries/ptclear.o
 .bss           0x81017004        0x0 binaries/ptcount.o
 .bss           0x81017004        0x0 binaries/ptcreate.o
 .bss           0x81017004        0x0 binaries/ptdelete.o
 .bss           0x81017004        0x0 binaries/ptinit.o
 .bss           0x81017004        0x0 binaries/ptrecv.o
 .bss           0x81017004        0x0 binaries/ptreset.o
 .bss           0x81017004        0x0 binaries/ptsend.o
 .bss           0x81017004        0x0 binaries/putc.o
 .bss           0x81017004        0x0 binaries/queue.o
 .bss           0x81017004        0x0 binaries/read.o
 .bss           0x81017004        0x0 binaries/ready.o
 .bss           0x81017004        0x0 binaries/receive.o
 .bss           0x81017004        0x0 binaries/recvclr.o
 .bss           0x81017004        0x0 binaries/recvtime.o
 .bss           0x81017004        0x0 binaries/resched.o
 .bss           0x81017004        0x0 binaries/resume.o
 .bss           0x81017004        0x0 binaries/seek.o
 .bss           0x81017004        0x0 binaries/semcount.o
 .bss           0x81017004        0x4 binaries/semcreate.o
 .bss           0x81017008        0x0 binaries/semdelete.o
 .bss           0x81017008        0x0 binaries/semreset.o
 .bss           0x81017008        0x0 binaries/send.o
 .bss           0x81017008        0x0 binaries/signal.o
 .bss           0x81017008        0x0 binaries/signaln.o
 .bss           0x81017008        0x0 binaries/sleep.o
 .bss           0x81017008        0x0 binaries/suspend.o
 .bss           0x81017008        0x0 binaries/unsleep.o
 .bss           0x81017008        0x0 binaries/userret.o
 .bss           0x81017008        0x0 binaries/wait.o
 .bss           0x81017008        0x0 binaries/wakeup.o
 .bss           0x81017008        0x0 binaries/write.o
 .bss           0x81017008        0x0 binaries/xdone.o
 .bss           0x81017008        0x0 binaries/yield.o
 .bss           0x81017008        0x0 binaries/abs.o
 .bss           0x81017008        0x0 binaries/atoi.o
 .bss           0x81017008        0x0 binaries/atol.o
 .bss           0x81017008        0x0 binaries/bzero.o
 .bss           0x81017008        0x0 binaries/ctype_.o
 .bss           0x81017008        0x0 binaries/doprnt.o
 .bss           0x81017008        0x0 binaries/doscan.o
 .bss           0x81017008        0x0 binaries/fdoprnt.o
 .bss           0x81017008        0x0 binaries/fgetc.o
 .bss           0x81017008        0x0 binaries/fgets.o
 .bss           0x81017008        0x0 binaries/fprintf.o
 .bss           0x81017008        0x0 binaries/fputc.o
 .bss           0x81017008        0x0 binaries/fputs.o
 .bss           0x81017008        0x0 binaries/fscanf.o
 .bss           0x81017008        0x0 binaries/getchar.o
 .bss           0x81017008        0x0 binaries/labs.o
 .bss           0x81017008        0x0 binaries/memchr.o
 .bss           0x81017008        0x0 binaries/memcmp.o
 .bss           0x81017008        0x0 binaries/memcpy.o
 .bss           0x81017008        0x0 binaries/memset.o
 .bss           0x81017008        0x0 binaries/printf.o
 .bss           0x81017008        0x0 binaries/putchar.o
 .bss           0x81017008        0x8 binaries/qsort.o
 .bss           0x81017010        0x0 binaries/rand.o
 .bss           0x81017010        0x0 binaries/sprintf.o
 .bss           0x81017010        0x0 binaries/sscanf.o
 .bss           0x81017010        0x0 binaries/strchr.o
 .bss           0x81017010        0x0 binaries/strcmp.o
 .bss           0x81017010        0x0 binaries/strcpy.o
 .bss           0x81017010        0x0 binaries/strlen.o
 .bss           0x81017010        0x0 binaries/strncat.o
 .bss           0x81017010        0x0 binaries/strncmp.o
 .bss           0x81017010        0x0 binaries/strncpy.o
 .bss           0x81017010        0x0 binaries/strnlen.o
 .bss           0x81017010        0x0 binaries/strrchr.o
 .bss           0x81017010        0x0 binaries/strstr.o
 .bss           0x81017010        0x0 binaries/ttycontrol.o
 .bss           0x81017010        0x0 binaries/ttygetc.o
 .bss           0x81017010        0x0 binaries/ttyhandle_in.o
 .bss           0x81017010        0x0 binaries/ttyhandle_out.o
 .bss           0x81017010        0x0 binaries/ttyhandler.o
 .bss           0x81017010        0x0 binaries/ttyinit.o
 .bss           0x81017010        0x0 binaries/ttykickout.o
 .bss           0x81017010        0x0 binaries/ttyputc.o
 .bss           0x81017010        0x0 binaries/ttyread.o
 .bss           0x81017010        0x0 binaries/ttywrite.o
 .bss           0x81017010        0x0 binaries/mount.o
 .bss           0x81017010        0x0 binaries/naminit.o
 .bss           0x81017010        0x0 binaries/nammap.o
 .bss           0x81017010        0x0 binaries/namopen.o
 .bss           0x81017010        0x0 binaries/colon2mac.o
 .bss           0x81017010        0x0 binaries/ethcontrol.o
 .bss           0x81017010        0x0 binaries/ethhandler.o
 .bss           0x81017010        0x0 binaries/ethinit.o
 .bss           0x81017010        0x0 binaries/ethread.o
 .bss           0x81017010        0x0 binaries/ethwrite.o
 .bss           0x81017010        0x0 binaries/rdsbufalloc.o
 .bss           0x81017010        0x0 binaries/rdsclose.o
 .bss           0x81017010        0x0 binaries/rdscomm.o
 .bss           0x81017010        0x0 binaries/rdscontrol.o
 .bss           0x81017010        0x0 binaries/rdsinit.o
 .bss           0x81017010        0x0 binaries/rdsopen.o
 .bss           0x81017010        0x0 binaries/rdsprocess.o
 .bss           0x81017010        0x0 binaries/rdsread.o
 .bss           0x81017010        0x0 binaries/rdswrite.o
 .bss           0x81017010        0x0 binaries/ramclose.o
 .bss           0x81017010        0x0 binaries/raminit.o
 .bss           0x81017010        0x0 binaries/ramopen.o
 .bss           0x81017010        0x0 binaries/ramread.o
 .bss           0x81017010        0x0 binaries/ramwrite.o
 .bss           0x81017010        0x0 binaries/lfdballoc.o
 .bss           0x81017010        0x0 binaries/lfdbfree.o
 .bss           0x81017010        0x0 binaries/lfflush.o
 .bss           0x81017010        0x0 binaries/lfgetmode.o
 .bss           0x81017010        0x0 binaries/lfiballoc.o
 .bss           0x81017010        0x0 binaries/lfibclear.o
 .bss           0x81017010        0x0 binaries/lfibget.o
 .bss           0x81017010        0x0 binaries/lfibput.o
 .bss           0x81017010        0x0 binaries/lflclose.o
 .bss           0x81017010        0x0 binaries/lflcontrol.o
 .bss           0x81017010        0x0 binaries/lflgetc.o
 .bss           0x81017010        0x0 binaries/lflinit.o
 .bss           0x81017010        0x0 binaries/lflputc.o
 .bss           0x81017010        0x0 binaries/lflread.o
 .bss           0x81017010        0x0 binaries/lflseek.o
 .bss           0x81017010        0x0 binaries/lflwrite.o
 .bss           0x81017010        0x0 binaries/lfsckfmt.o
 .bss           0x81017010        0x0 binaries/lfscreate.o
 .bss           0x81017010        0x0 binaries/lfsetup.o
 .bss           0x81017010        0x0 binaries/lfsinit.o
 .bss           0x81017010        0x0 binaries/lfsopen.o
 .bss           0x81017010        0x0 binaries/lftruncate.o
 .bss           0x81017010        0x0 binaries/rflclose.o
 .bss           0x81017010        0x0 binaries/rflgetc.o
 .bss           0x81017010        0x0 binaries/rflinit.o
 .bss           0x81017010        0x0 binaries/rflputc.o
 .bss           0x81017010        0x0 binaries/rflread.o
 .bss           0x81017010        0x0 binaries/rflseek.o
 .bss           0x81017010        0x0 binaries/rflwrite.o
 .bss           0x81017010        0x0 binaries/rfscomm.o
 .bss           0x81017010        0x0 binaries/rfscontrol.o
 .bss           0x81017010        0x0 binaries/rfsgetmode.o
 .bss           0x81017010        0x0 binaries/rfsinit.o
 .bss           0x81017010        0x0 binaries/rfsndmsg.o
 .bss           0x81017010        0x0 binaries/rfsopen.o
 .bss           0x81017010        0x0 binaries/spicontrol.o
 .bss           0x81017010        0x0 binaries/spiinit.o
 .bss           0x81017010        0x0 binaries/arp.o
 .bss           0x81017010        0x0 binaries/dhcp.o
 .bss           0x81017010        0x0 binaries/dns.o
 .bss           0x81017010        0x0 binaries/dot2ip.o
 .bss           0x81017010        0x0 binaries/hexdump.o
 .bss           0x81017010        0x0 binaries/icmp.o
 .bss           0x81017010        0x0 binaries/ip.o
 .bss           0x81017010        0x0 binaries/net.o
 .bss           0x81017010        0x0 binaries/netstart.o
 .bss           0x81017010        0x0 binaries/pdump.o
 .bss           0x81017010        0x0 binaries/tftp.o
 .bss           0x81017010        0x0 binaries/udp.o
 .bss           0x81017010        0x0 binaries/addargs.o
 .bss           0x81017010        0x0 binaries/lexan.o
 .bss           0x81017010        0x0 binaries/shell.o
 .bss           0x81017010        0x0 binaries/xsh_argecho.o
 .bss           0x81017010        0x0 binaries/xsh_arp.o
 .bss           0x81017010        0x0 binaries/xsh_cat.o
 .bss           0x81017010        0x0 binaries/xsh_clear.o
 .bss           0x81017010        0x0 binaries/xsh_date.o
 .bss           0x81017010        0x0 binaries/xsh_devdump.o
 .bss           0x81017010        0x0 binaries/xsh_echo.o
 .bss           0x81017010        0x0 binaries/xsh_exit.o
 .bss           0x81017010        0x0 binaries/xsh_help.o
 .bss           0x81017010        0x0 binaries/xsh_ipaddr.o
 .bss           0x81017010        0x0 binaries/xsh_kill.o
 .bss           0x81017010        0x0 binaries/xsh_led.o
 .bss           0x81017010        0x0 binaries/xsh_memdump.o
 .bss           0x81017010        0x0 binaries/xsh_memstat.o
 .bss           0x81017010        0x4 binaries/xsh_ping.o
 .bss           0x81017014        0x0 binaries/xsh_ps.o
 .bss           0x81017014        0x0 binaries/xsh_sleep.o
 .bss           0x81017014        0x0 binaries/xsh_udpdump.o
 .bss           0x81017014        0x0 binaries/xsh_udpecho.o
 .bss           0x81017014        0x0 binaries/xsh_udpeserver.o
 .bss           0x81017014        0x0 binaries/xsh_uptime.o
 .bss           0x81017014        0x0 binaries/ctxsw.o
 .bss           0x81017014        0x0 binaries/intr.o
 .bss           0x81017014        0x0 /homes/cs354/bin/cross_compiler/lib/gcc/arm-none-eabi/4.8.1//libgcc.a(_udivsi3.o)
 .bss           0x81017014        0x0 /homes/cs354/bin/cross_compiler/lib/gcc/arm-none-eabi/4.8.1//libgcc.a(_divsi3.o)
 .bss           0x81017014        0x0 /homes/cs354/bin/cross_compiler/lib/gcc/arm-none-eabi/4.8.1//libgcc.a(_dvmd_tls.o)
 *(COMMON)
 COMMON         0x81017014       0xf4 binaries/bufinit.o
                0x81017014                buftab
                0x81017104                nbpools
 COMMON         0x81017108        0xc binaries/clkinit.o
                0x81017108                sleepq
                0x8101710c                preempt
                0x81017110                clktime
 COMMON         0x81017114      0x200 binaries/evec.o
                0x81017114                intc_vector
 COMMON         0x81017314     0x1f50 binaries/initialize.o
                0x81017314                currpid
                0x81017318                proctab
                0x81018da8                prcount
                0x81018dac                semtab
                0x8101925c                memlist
 COMMON         0x81019264       0x58 binaries/mark.o
                0x81019264                marks
                0x810192b4                nmarks
                0x810192b8                mkmutex
 COMMON         0x810192bc        0x8 binaries/meminit.o
                0x810192bc                minheap
                0x810192c0                maxheap
 COMMON         0x810192c4      0x2d8 binaries/ptinit.o
                0x810192c4                porttab
                0x81019594                ptnextid
                0x81019598                ptfree
 COMMON         0x8101959c      0xa20 binaries/queue.o
                0x8101959c                queuetab
 COMMON         0x81019fbc       0x14 binaries/ready.o
                0x81019fbc                readylist
 COMMON         0x81019fd0        0x8 binaries/resched.o
                0x81019fd0                Defer
 COMMON         0x81019fd8      0x110 binaries/ttyinit.o
                0x81019fd8                ttytab
 COMMON         0x8101a0e8     0x19a4 binaries/naminit.o
                0x8101a0e8                nnames
                0x8101a0ec                nametab
 COMMON         0x8101ba8c      0x154 binaries/ethinit.o
                0x8101ba8c                eth_a_regs
                0x8101baa8                ethertab
 COMMON         0x8101bbe0       0x8c binaries/rdsinit.o
                0x8101bbe0                rdstab
 COMMON         0x8101bc6c    0x19000 binaries/raminit.o
                0x8101bc6c                Ram
 COMMON         0x81034c6c      0xf00 binaries/lflinit.o
                0x81034c6c                lfltab
 COMMON         0x81035b6c      0x20c binaries/lfsinit.o
                0x81035b6c                Lf_data
 COMMON         0x81035d78      0x5a0 binaries/rflinit.o
                0x81035d78                rfltab
 COMMON         0x81036318       0x18 binaries/rfsinit.o
                0x81036318                Rf_data
 COMMON         0x81036330      0x140 binaries/arp.o
                0x81036330                arpcache
 COMMON         0x81036470        0x4 binaries/dns.o
                0x81036470                nsaddr
 COMMON         0x81036474      0x230 binaries/icmp.o
                0x81036474                icmptab
 COMMON         0x810366a4       0x2c binaries/ip.o
                0x810366a4                ipoqueue
 COMMON         0x810366d0       0xac binaries/net.o
                0x810366d0                netbufpool
                0x810366d4                NetData
 COMMON         0x8103677c      0x168 binaries/udp.o
                0x8103677c                udptab
                0x810368e4                ebss = ABSOLUTE (.)
                0x81037000                . = ALIGN (0x1000)
 *fill*         0x810368e4      0x71c 
 */()
                0x81037000                end = ABSOLUTE (.)
                0x81037000                _end = ABSOLUTE (.)
                0x81037000                . = ALIGN (0x1000)
LOAD binaries/start.o
LOAD binaries/ascdate.o
LOAD binaries/bufinit.o
LOAD binaries/chprio.o
LOAD binaries/clkhandler.o
LOAD binaries/clkinit.o
LOAD binaries/close.o
LOAD binaries/conf.o
LOAD binaries/control.o
LOAD binaries/create.o
LOAD binaries/evec.o
LOAD binaries/exit.o
LOAD binaries/freebuf.o
LOAD binaries/freemem.o
LOAD binaries/getbuf.o
LOAD binaries/getc.o
LOAD binaries/getdev.o
LOAD binaries/getitem.o
LOAD binaries/getmem.o
LOAD binaries/getpid.o
LOAD binaries/getprio.o
LOAD binaries/getstk.o
LOAD binaries/gettime.o
LOAD binaries/getutime.o
LOAD binaries/init.o
LOAD binaries/initialize.o
LOAD binaries/insert.o
LOAD binaries/insertd.o
LOAD binaries/ioerr.o
LOAD binaries/ionull.o
LOAD binaries/kill.o
LOAD binaries/kprintf.o
LOAD binaries/lab0app1.o
LOAD binaries/lab0app2.o
LOAD binaries/main.o
LOAD binaries/mark.o
LOAD binaries/meminit.o
LOAD binaries/mkbufpool.o
LOAD binaries/newqueue.o
LOAD binaries/open.o
LOAD binaries/panic.o
LOAD binaries/platinit.o
LOAD binaries/ptclear.o
LOAD binaries/ptcount.o
LOAD binaries/ptcreate.o
LOAD binaries/ptdelete.o
LOAD binaries/ptinit.o
LOAD binaries/ptrecv.o
LOAD binaries/ptreset.o
LOAD binaries/ptsend.o
LOAD binaries/putc.o
LOAD binaries/queue.o
LOAD binaries/read.o
LOAD binaries/ready.o
LOAD binaries/receive.o
LOAD binaries/recvclr.o
LOAD binaries/recvtime.o
LOAD binaries/resched.o
LOAD binaries/resume.o
LOAD binaries/seek.o
LOAD binaries/semcount.o
LOAD binaries/semcreate.o
LOAD binaries/semdelete.o
LOAD binaries/semreset.o
LOAD binaries/send.o
LOAD binaries/signal.o
LOAD binaries/signaln.o
LOAD binaries/sleep.o
LOAD binaries/suspend.o
LOAD binaries/unsleep.o
LOAD binaries/userret.o
LOAD binaries/wait.o
LOAD binaries/wakeup.o
LOAD binaries/write.o
LOAD binaries/xdone.o
LOAD binaries/yield.o
LOAD binaries/abs.o
LOAD binaries/atoi.o
LOAD binaries/atol.o
LOAD binaries/bzero.o
LOAD binaries/ctype_.o
LOAD binaries/doprnt.o
LOAD binaries/doscan.o
LOAD binaries/fdoprnt.o
LOAD binaries/fgetc.o
LOAD binaries/fgets.o
LOAD binaries/fprintf.o
LOAD binaries/fputc.o
LOAD binaries/fputs.o
LOAD binaries/fscanf.o
LOAD binaries/getchar.o
LOAD binaries/labs.o
LOAD binaries/memchr.o
LOAD binaries/memcmp.o
LOAD binaries/memcpy.o
LOAD binaries/memset.o
LOAD binaries/printf.o
LOAD binaries/putchar.o
LOAD binaries/qsort.o
LOAD binaries/rand.o
LOAD binaries/sprintf.o
LOAD binaries/sscanf.o
LOAD binaries/strchr.o
LOAD binaries/strcmp.o
LOAD binaries/strcpy.o
LOAD binaries/strlen.o
LOAD binaries/strncat.o
LOAD binaries/strncmp.o
LOAD binaries/strncpy.o
LOAD binaries/strnlen.o
LOAD binaries/strrchr.o
LOAD binaries/strstr.o
LOAD binaries/ttycontrol.o
LOAD binaries/ttygetc.o
LOAD binaries/ttyhandle_in.o
LOAD binaries/ttyhandle_out.o
LOAD binaries/ttyhandler.o
LOAD binaries/ttyinit.o
LOAD binaries/ttykickout.o
LOAD binaries/ttyputc.o
LOAD binaries/ttyread.o
LOAD binaries/ttywrite.o
LOAD binaries/mount.o
LOAD binaries/naminit.o
LOAD binaries/nammap.o
LOAD binaries/namopen.o
LOAD binaries/colon2mac.o
LOAD binaries/ethcontrol.o
LOAD binaries/ethhandler.o
LOAD binaries/ethinit.o
LOAD binaries/ethread.o
LOAD binaries/ethwrite.o
LOAD binaries/rdsbufalloc.o
LOAD binaries/rdsclose.o
LOAD binaries/rdscomm.o
LOAD binaries/rdscontrol.o
LOAD binaries/rdsinit.o
LOAD binaries/rdsopen.o
LOAD binaries/rdsprocess.o
LOAD binaries/rdsread.o
LOAD binaries/rdswrite.o
LOAD binaries/ramclose.o
LOAD binaries/raminit.o
LOAD binaries/ramopen.o
LOAD binaries/ramread.o
LOAD binaries/ramwrite.o
LOAD binaries/lfdballoc.o
LOAD binaries/lfdbfree.o
LOAD binaries/lfflush.o
LOAD binaries/lfgetmode.o
LOAD binaries/lfiballoc.o
LOAD binaries/lfibclear.o
LOAD binaries/lfibget.o
LOAD binaries/lfibput.o
LOAD binaries/lflclose.o
LOAD binaries/lflcontrol.o
LOAD binaries/lflgetc.o
LOAD binaries/lflinit.o
LOAD binaries/lflputc.o
LOAD binaries/lflread.o
LOAD binaries/lflseek.o
LOAD binaries/lflwrite.o
LOAD binaries/lfsckfmt.o
LOAD binaries/lfscreate.o
LOAD binaries/lfsetup.o
LOAD binaries/lfsinit.o
LOAD binaries/lfsopen.o
LOAD binaries/lftruncate.o
LOAD binaries/rflclose.o
LOAD binaries/rflgetc.o
LOAD binaries/rflinit.o
LOAD binaries/rflputc.o
LOAD binaries/rflread.o
LOAD binaries/rflseek.o
LOAD binaries/rflwrite.o
LOAD binaries/rfscomm.o
LOAD binaries/rfscontrol.o
LOAD binaries/rfsgetmode.o
LOAD binaries/rfsinit.o
LOAD binaries/rfsndmsg.o
LOAD binaries/rfsopen.o
LOAD binaries/spicontrol.o
LOAD binaries/spiinit.o
LOAD binaries/arp.o
LOAD binaries/dhcp.o
LOAD binaries/dns.o
LOAD binaries/dot2ip.o
LOAD binaries/hexdump.o
LOAD binaries/icmp.o
LOAD binaries/ip.o
LOAD binaries/net.o
LOAD binaries/netstart.o
LOAD binaries/pdump.o
LOAD binaries/tftp.o
LOAD binaries/udp.o
LOAD binaries/addargs.o
LOAD binaries/lexan.o
LOAD binaries/shell.o
LOAD binaries/xsh_argecho.o
LOAD binaries/xsh_arp.o
LOAD binaries/xsh_cat.o
LOAD binaries/xsh_clear.o
LOAD binaries/xsh_date.o
LOAD binaries/xsh_devdump.o
LOAD binaries/xsh_echo.o
LOAD binaries/xsh_exit.o
LOAD binaries/xsh_help.o
LOAD binaries/xsh_ipaddr.o
LOAD binaries/xsh_kill.o
LOAD binaries/xsh_led.o
LOAD binaries/xsh_memdump.o
LOAD binaries/xsh_memstat.o
LOAD binaries/xsh_ping.o
LOAD binaries/xsh_ps.o
LOAD binaries/xsh_sleep.o
LOAD binaries/xsh_udpdump.o
LOAD binaries/xsh_udpecho.o
LOAD binaries/xsh_udpeserver.o
LOAD binaries/xsh_uptime.o
LOAD binaries/ctxsw.o
LOAD binaries/intr.o
LOAD /homes/cs354/bin/cross_compiler/lib/gcc/arm-none-eabi/4.8.1//libgcc.a
OUTPUT(../compile/xinu elf32-littlearm)

.ARM.attributes
                0x00000000       0x31
 .ARM.attributes
                0x00000000       0x25 binaries/start.o
 .ARM.attributes
                0x00000025       0x35 binaries/ascdate.o
 .ARM.attributes
                0x0000005a       0x35 binaries/bufinit.o
 .ARM.attributes
                0x0000008f       0x35 binaries/chprio.o
 .ARM.attributes
                0x000000c4       0x35 binaries/clkhandler.o
 .ARM.attributes
                0x000000f9       0x35 binaries/clkinit.o
 .ARM.attributes
                0x0000012e       0x35 binaries/close.o
 .ARM.attributes
                0x00000163       0x35 binaries/conf.o
 .ARM.attributes
                0x00000198       0x35 binaries/control.o
 .ARM.attributes
                0x000001cd       0x35 binaries/create.o
 .ARM.attributes
                0x00000202       0x35 binaries/evec.o
 .ARM.attributes
                0x00000237       0x35 binaries/exit.o
 .ARM.attributes
                0x0000026c       0x35 binaries/freebuf.o
 .ARM.attributes
                0x000002a1       0x35 binaries/freemem.o
 .ARM.attributes
                0x000002d6       0x35 binaries/getbuf.o
 .ARM.attributes
                0x0000030b       0x35 binaries/getc.o
 .ARM.attributes
                0x00000340       0x35 binaries/getdev.o
 .ARM.attributes
                0x00000375       0x35 binaries/getitem.o
 .ARM.attributes
                0x000003aa       0x35 binaries/getmem.o
 .ARM.attributes
                0x000003df       0x35 binaries/getpid.o
[...]
 .ARM.attributes
                0x00001ada       0x35 binaries/ethread.o
 .ARM.attributes
                0x00001b0f       0x35 binaries/ethwrite.o
 .ARM.attributes
                0x00001b44       0x35 binaries/rdsbufalloc.o
 .ARM.attributes
                0x00001b79       0x35 binaries/rdsclose.o
 .ARM.attributes
                0x00001bae       0x35 binaries/rdscomm.o
 .ARM.attributes
                0x00001be3       0x35 binaries/rdscontrol.o
 .ARM.attributes
                0x00001c18       0x35 binaries/rdsinit.o
 .ARM.attributes
                0x00001c4d       0x35 binaries/rdsopen.o
 .ARM.attributes
                0x00001c82       0x35 binaries/rdsprocess.o
 .ARM.attributes
                0x00001cb7       0x35 binaries/rdsread.o
 .ARM.attributes
                0x00001cec       0x35 binaries/rdswrite.o
 .ARM.attributes
                0x00001d21       0x35 binaries/ramclose.o
 .ARM.attributes
                0x00001d56       0x35 binaries/raminit.o
 .ARM.attributes
                0x00001d8b       0x35 binaries/ramopen.o
 .ARM.attributes
                0x00001dc0       0x35 binaries/ramread.o
 .ARM.attributes
                0x00001df5       0x35 binaries/ramwrite.o
 .ARM.attributes
                0x00001e2a       0x35 binaries/lfdballoc.o
 .ARM.attributes
                0x00001e5f       0x35 binaries/lfdbfree.o
 .ARM.attributes
                0x00001e94       0x35 binaries/lfflush.o
 .ARM.attributes
                0x00001ec9       0x35 binaries/lfgetmode.o
 .ARM.attributes
                0x00001efe       0x35 binaries/lfiballoc.o
 .ARM.attributes
                0x00001f33       0x35 binaries/lfibclear.o
 .ARM.attributes
                0x00001f68       0x35 binaries/lfibget.o
 .ARM.attributes
                0x00001f9d       0x35 binaries/lfibput.o
 .ARM.attributes
                0x00001fd2       0x35 binaries/lflclose.o
 .ARM.attributes
                0x00002007       0x35 binaries/lflcontrol.o
 .ARM.attributes
                0x0000203c       0x35 binaries/lflgetc.o
 .ARM.attributes
                0x00002071       0x35 binaries/lflinit.o
 .ARM.attributes
                0x000020a6       0x35 binaries/lflputc.o
 .ARM.attributes
                0x000020db       0x35 binaries/lflread.o
 .ARM.attributes
                0x00002110       0x35 binaries/lflseek.o
 .ARM.attributes
                0x00002145       0x35 binaries/lflwrite.o
 .ARM.attributes
                0x0000217a       0x35 binaries/lfsckfmt.o
 .ARM.attributes
                0x000021af       0x35 binaries/lfscreate.o
 .ARM.attributes
                0x000021e4       0x35 binaries/lfsetup.o
 .ARM.attributes
                0x00002219       0x35 binaries/lfsinit.o
 .ARM.attributes
                0x0000224e       0x35 binaries/lfsopen.o
 .ARM.attributes
                0x00002283       0x35 binaries/lftruncate.o
 .ARM.attributes
                0x000022b8       0x35 binaries/rflclose.o
 .ARM.attributes
                0x000022ed       0x35 binaries/rflgetc.o
 .ARM.attributes
                0x00002322       0x35 binaries/rflinit.o
 .ARM.attributes
                0x00002357       0x35 binaries/rflputc.o
 .ARM.attributes
                0x0000238c       0x35 binaries/rflread.o
 .ARM.attributes
                0x000023c1       0x35 binaries/rflseek.o
 .ARM.attributes
                0x000023f6       0x35 binaries/rflwrite.o
 .ARM.attributes
                0x0000242b       0x35 binaries/rfscomm.o
 .ARM.attributes
                0x00002460       0x35 binaries/rfscontrol.o
 .ARM.attributes
                0x00002495       0x35 binaries/rfsgetmode.o
 .ARM.attributes
                0x000024ca       0x35 binaries/rfsinit.o
 .ARM.attributes
                0x000024ff       0x35 binaries/rfsndmsg.o
 .ARM.attributes
                0x00002534       0x35 binaries/rfsopen.o
 .ARM.attributes
                0x00002569       0x35 binaries/spicontrol.o
 .ARM.attributes
                0x0000259e       0x35 binaries/spiinit.o
 .ARM.attributes
                0x000025d3       0x35 binaries/arp.o
 .ARM.attributes
                0x00002608       0x35 binaries/dhcp.o
 .ARM.attributes
                0x0000263d       0x35 binaries/dns.o
 .ARM.attributes
                0x00002672       0x35 binaries/dot2ip.o
 .ARM.attributes
                0x000026a7       0x35 binaries/hexdump.o
 .ARM.attributes
                0x000026dc       0x35 binaries/icmp.o
 .ARM.attributes
                0x00002711       0x35 binaries/ip.o
 .ARM.attributes
                0x00002746       0x35 binaries/net.o
 .ARM.attributes
                0x0000277b       0x35 binaries/netstart.o
 .ARM.attributes
                0x000027b0       0x35 binaries/pdump.o
 .ARM.attributes
                0x000027e5       0x35 binaries/tftp.o
 .ARM.attributes
                0x0000281a       0x35 binaries/udp.o
 .ARM.attributes
                0x0000284f       0x35 binaries/addargs.o
 .ARM.attributes
                0x00002884       0x35 binaries/lexan.o
 .ARM.attributes
                0x000028b9       0x35 binaries/shell.o
 .ARM.attributes
                0x000028ee       0x35 binaries/xsh_argecho.o
 .ARM.attributes
                0x00002923       0x35 binaries/xsh_arp.o
 .ARM.attributes
                0x00002958       0x35 binaries/xsh_cat.o
 .ARM.attributes
                0x0000298d       0x35 binaries/xsh_clear.o
 .ARM.attributes
                0x000029c2       0x35 binaries/xsh_date.o
 .ARM.attributes
                0x000029f7       0x35 binaries/xsh_devdump.o
 .ARM.attributes
                0x00002a2c       0x35 binaries/xsh_echo.o
 .ARM.attributes
                0x00002a61       0x35 binaries/xsh_exit.o
 .ARM.attributes
                0x00002a96       0x35 binaries/xsh_help.o
 .ARM.attributes
                0x00002acb       0x35 binaries/xsh_ipaddr.o
 .ARM.attributes
                0x00002b00       0x35 binaries/xsh_kill.o
 .ARM.attributes
                0x00002b35       0x35 binaries/xsh_led.o
 .ARM.attributes
                0x00002b6a       0x35 binaries/xsh_memdump.o
 .ARM.attributes
                0x00002b9f       0x35 binaries/xsh_memstat.o
 .ARM.attributes
                0x00002bd4       0x35 binaries/xsh_ping.o
 .ARM.attributes
                0x00002c09       0x35 binaries/xsh_ps.o
 .ARM.attributes
                0x00002c3e       0x35 binaries/xsh_sleep.o
 .ARM.attributes
                0x00002c73       0x35 binaries/xsh_udpdump.o
 .ARM.attributes
                0x00002ca8       0x35 binaries/xsh_udpecho.o
 .ARM.attributes
                0x00002cdd       0x35 binaries/xsh_udpeserver.o
 .ARM.attributes
                0x00002d12       0x35 binaries/xsh_uptime.o
 .ARM.attributes
                0x00002d47       0x25 binaries/ctxsw.o
 .ARM.attributes
                0x00002d6c       0x25 binaries/intr.o
 .ARM.attributes
                0x00002d91       0x18 /homes/cs354/bin/cross_compiler/lib/gcc/arm-none-eabi/4.8.1//libgcc.a(_udivsi3.o)
 .ARM.attributes
                0x00002da9       0x18 /homes/cs354/bin/cross_compiler/lib/gcc/arm-none-eabi/4.8.1//libgcc.a(_divsi3.o)
 .ARM.attributes
                0x00002dc1       0x18 /homes/cs354/bin/cross_compiler/lib/gcc/arm-none-eabi/4.8.1//libgcc.a(_dvmd_tls.o)

.comment        0x00000000       0x30
 .comment       0x00000000       0x30 binaries/ascdate.o
                                 0x31 (size before relaxing)
 .comment       0x00000000       0x31 binaries/bufinit.o
 .comment       0x00000000       0x31 binaries/chprio.o
 .comment       0x00000000       0x31 binaries/clkhandler.o
 .comment       0x00000000       0x31 binaries/clkinit.o
 .comment       0x00000000       0x31 binaries/close.o
 .comment       0x00000000       0x31 binaries/conf.o
 .comment       0x00000000       0x31 binaries/control.o
 .comment       0x00000000       0x31 binaries/create.o
 .comment       0x00000000       0x31 binaries/evec.o
 .comment       0x00000000       0x31 binaries/exit.o
 .comment       0x00000000       0x31 binaries/freebuf.o
 .comment       0x00000000       0x31 binaries/freemem.o
 .comment       0x00000000       0x31 binaries/getbuf.o
 .comment       0x00000000       0x31 binaries/getc.o
 .comment       0x00000000       0x31 binaries/getdev.o
 .comment       0x00000000       0x31 binaries/getitem.o
 .comment       0x00000000       0x31 binaries/getmem.o
 .comment       0x00000000       0x31 binaries/getpid.o
 .comment       0x00000000       0x31 binaries/getprio.o
 .comment       0x00000000       0x31 binaries/getstk.o
 .comment       0x00000000       0x31 binaries/gettime.o
 .comment       0x00000000       0x31 binaries/getutime.o
 .comment       0x00000000       0x31 binaries/init.o
 .comment       0x00000000       0x31 binaries/initialize.o
 .comment       0x00000000       0x31 binaries/insert.o
 .comment       0x00000000       0x31 binaries/insertd.o
 .comment       0x00000000       0x31 binaries/ioerr.o
 .comment       0x00000000       0x31 binaries/ionull.o
 .comment       0x00000000       0x31 binaries/kill.o
 .comment       0x00000000       0x31 binaries/kprintf.o
 .comment       0x00000000       0x31 binaries/lab0app1.o
 .comment       0x00000000       0x31 binaries/lab0app2.o
 .comment       0x00000000       0x31 binaries/main.o
 .comment       0x00000000       0x31 binaries/mark.o
 .comment       0x00000000       0x31 binaries/meminit.o
 .comment       0x00000000       0x31 binaries/mkbufpool.o
 .comment       0x00000000       0x31 binaries/newqueue.o
 .comment       0x00000000       0x31 binaries/open.o
 .comment       0x00000000       0x31 binaries/panic.o
 .comment       0x00000000       0x31 binaries/platinit.o
 .comment       0x00000000       0x31 binaries/ptclear.o
 .comment       0x00000000       0x31 binaries/ptcount.o
 .comment       0x00000000       0x31 binaries/ptcreate.o
 .comment       0x00000000       0x31 binaries/ptdelete.o
 .comment       0x00000000       0x31 binaries/ptinit.o
 .comment       0x00000000       0x31 binaries/ptrecv.o
 .comment       0x00000000       0x31 binaries/ptreset.o
 .comment       0x00000000       0x31 binaries/ptsend.o
 .comment       0x00000000       0x31 binaries/putc.o
 .comment       0x00000000       0x31 binaries/queue.o
 .comment       0x00000000       0x31 binaries/read.o
 .comment       0x00000000       0x31 binaries/ready.o
 .comment       0x00000000       0x31 binaries/receive.o
 .comment       0x00000000       0x31 binaries/recvclr.o
 .comment       0x00000000       0x31 binaries/recvtime.o
 .comment       0x00000000       0x31 binaries/resched.o
 .comment       0x00000000       0x31 binaries/resume.o
 .comment       0x00000000       0x31 binaries/seek.o
 .comment       0x00000000       0x31 binaries/semcount.o
 .comment       0x00000000       0x31 binaries/semcreate.o
 .comment       0x00000000       0x31 binaries/semdelete.o
 .comment       0x00000000       0x31 binaries/semreset.o
 .comment       0x00000000       0x31 binaries/send.o
 .comment       0x00000000       0x31 binaries/signal.o
 .comment       0x00000000       0x31 binaries/signaln.o
 .comment       0x00000000       0x31 binaries/sleep.o
 .comment       0x00000000       0x31 binaries/suspend.o
 .comment       0x00000000       0x31 binaries/unsleep.o
 .comment       0x00000000       0x31 binaries/userret.o
 .comment       0x00000000       0x31 binaries/wait.o
 .comment       0x00000000       0x31 binaries/wakeup.o
 .comment       0x00000000       0x31 binaries/write.o
 .comment       0x00000000       0x31 binaries/xdone.o
 .comment       0x00000000       0x31 binaries/yield.o
 .comment       0x00000000       0x31 binaries/abs.o
 .comment       0x00000000       0x31 binaries/atoi.o
 .comment       0x00000000       0x31 binaries/atol.o
 .comment       0x00000000       0x31 binaries/bzero.o
 .comment       0x00000000       0x31 binaries/ctype_.o
 .comment       0x00000000       0x31 binaries/doprnt.o
 .comment       0x00000000       0x31 binaries/doscan.o
 .comment       0x00000000       0x31 binaries/fdoprnt.o
 .comment       0x00000000       0x31 binaries/fgetc.o
 .comment       0x00000000       0x31 binaries/fgets.o
 .comment       0x00000000       0x31 binaries/fprintf.o
 .comment       0x00000000       0x31 binaries/fputc.o
 .comment       0x00000000       0x31 binaries/fputs.o
 .comment       0x00000000       0x31 binaries/fscanf.o
 .comment       0x00000000       0x31 binaries/getchar.o
 .comment       0x00000000       0x31 binaries/labs.o
 .comment       0x00000000       0x31 binaries/memchr.o
 .comment       0x00000000       0x31 binaries/memcmp.o
 .comment       0x00000000       0x31 binaries/memcpy.o
 .comment       0x00000000       0x31 binaries/memset.o
 .comment       0x00000000       0x31 binaries/printf.o
 .comment       0x00000000       0x31 binaries/putchar.o
 .comment       0x00000000       0x31 binaries/qsort.o
 .comment       0x00000000       0x31 binaries/rand.o
 .comment       0x00000000       0x31 binaries/sprintf.o
 .comment       0x00000000       0x31 binaries/sscanf.o
 .comment       0x00000000       0x31 binaries/strchr.o
 .comment       0x00000000       0x31 binaries/strcmp.o
 .comment       0x00000000       0x31 binaries/strcpy.o
 .comment       0x00000000       0x31 binaries/strlen.o
 .comment       0x00000000       0x31 binaries/strncat.o
 .comment       0x00000000       0x31 binaries/strncmp.o
 .comment       0x00000000       0x31 binaries/strncpy.o
 .comment       0x00000000       0x31 binaries/strnlen.o
 .comment       0x00000000       0x31 binaries/strrchr.o
 .comment       0x00000000       0x31 binaries/strstr.o
 .comment       0x00000000       0x31 binaries/ttycontrol.o
 .comment       0x00000000       0x31 binaries/ttygetc.o
 .comment       0x00000000       0x31 binaries/ttyhandle_in.o
 .comment       0x00000000       0x31 binaries/ttyhandle_out.o
 .comment       0x00000000       0x31 binaries/ttyhandler.o
 .comment       0x00000000       0x31 binaries/ttyinit.o
 .comment       0x00000000       0x31 binaries/ttykickout.o
 .comment       0x00000000       0x31 binaries/ttyputc.o
 .comment       0x00000000       0x31 binaries/ttyread.o
 .comment       0x00000000       0x31 binaries/ttywrite.o
 .comment       0x00000000       0x31 binaries/mount.o
 .comment       0x00000000       0x31 binaries/naminit.o
 .comment       0x00000000       0x31 binaries/nammap.o
 .comment       0x00000000       0x31 binaries/namopen.o
 .comment       0x00000000       0x31 binaries/colon2mac.o
 .comment       0x00000000       0x31 binaries/ethcontrol.o
 .comment       0x00000000       0x31 binaries/ethhandler.o
 .comment       0x00000000       0x31 binaries/ethinit.o
 .comment       0x00000000       0x31 binaries/ethread.o
 .comment       0x00000000       0x31 binaries/ethwrite.o
 .comment       0x00000000       0x31 binaries/rdsbufalloc.o
 .comment       0x00000000       0x31 binaries/rdsclose.o
 .comment       0x00000000       0x31 binaries/rdscomm.o
 .comment       0x00000000       0x31 binaries/rdscontrol.o
 .comment       0x00000000       0x31 binaries/rdsinit.o
 .comment       0x00000000       0x31 binaries/rdsopen.o
 .comment       0x00000000       0x31 binaries/rdsprocess.o
 .comment       0x00000000       0x31 binaries/rdsread.o
 .comment       0x00000000       0x31 binaries/rdswrite.o
 .comment       0x00000000       0x31 binaries/ramclose.o
 .comment       0x00000000       0x31 binaries/raminit.o
 .comment       0x00000000       0x31 binaries/ramopen.o
 .comment       0x00000000       0x31 binaries/ramread.o
 .comment       0x00000000       0x31 binaries/ramwrite.o
 .comment       0x00000000       0x31 binaries/lfdballoc.o
 .comment       0x00000000       0x31 binaries/lfdbfree.o
 .comment       0x00000000       0x31 binaries/lfflush.o
 .comment       0x00000000       0x31 binaries/lfgetmode.o
 .comment       0x00000000       0x31 binaries/lfiballoc.o
 .comment       0x00000000       0x31 binaries/lfibclear.o
 .comment       0x00000000       0x31 binaries/lfibget.o
 .comment       0x00000000       0x31 binaries/lfibput.o
 .comment       0x00000000       0x31 binaries/lflclose.o
 .comment       0x00000000       0x31 binaries/lflcontrol.o
 .comment       0x00000000       0x31 binaries/lflgetc.o
 .comment       0x00000000       0x31 binaries/lflinit.o
 .comment       0x00000000       0x31 binaries/lflputc.o
 .comment       0x00000000       0x31 binaries/lflread.o
 .comment       0x00000000       0x31 binaries/lflseek.o
 .comment       0x00000000       0x31 binaries/lflwrite.o
 .comment       0x00000000       0x31 binaries/lfsckfmt.o
 .comment       0x00000000       0x31 binaries/lfscreate.o
 .comment       0x00000000       0x31 binaries/lfsetup.o
 .comment       0x00000000       0x31 binaries/lfsinit.o
 .comment       0x00000000       0x31 binaries/lfsopen.o
 .comment       0x00000000       0x31 binaries/lftruncate.o
 .comment       0x00000000       0x31 binaries/rflclose.o
 .comment       0x00000000       0x31 binaries/rflgetc.o
 .comment       0x00000000       0x31 binaries/rflinit.o
 .comment       0x00000000       0x31 binaries/rflputc.o
 .comment       0x00000000       0x31 binaries/rflread.o
 .comment       0x00000000       0x31 binaries/rflseek.o
 .comment       0x00000000       0x31 binaries/rflwrite.o
 .comment       0x00000000       0x31 binaries/rfscomm.o
 .comment       0x00000000       0x31 binaries/rfscontrol.o
 .comment       0x00000000       0x31 binaries/rfsgetmode.o
 .comment       0x00000000       0x31 binaries/rfsinit.o
 .comment       0x00000000       0x31 binaries/rfsndmsg.o
 .comment       0x00000000       0x31 binaries/rfsopen.o
 .comment       0x00000000       0x31 binaries/spicontrol.o
 .comment       0x00000000       0x31 binaries/spiinit.o
 .comment       0x00000000       0x31 binaries/arp.o
 .comment       0x00000000       0x31 binaries/dhcp.o
 .comment       0x00000000       0x31 binaries/dns.o
 .comment       0x00000000       0x31 binaries/dot2ip.o
 .comment       0x00000000       0x31 binaries/hexdump.o
 .comment       0x00000000       0x31 binaries/icmp.o
 .comment       0x00000000       0x31 binaries/ip.o
 .comment       0x00000000       0x31 binaries/net.o
 .comment       0x00000000       0x31 binaries/netstart.o
 .comment       0x00000000       0x31 binaries/pdump.o
 .comment       0x00000000       0x31 binaries/tftp.o
 .comment       0x00000000       0x31 binaries/udp.o
 .comment       0x00000000       0x31 binaries/addargs.o
 .comment       0x00000000       0x31 binaries/lexan.o
 .comment       0x00000000       0x31 binaries/shell.o
 .comment       0x00000000       0x31 binaries/xsh_argecho.o
 .comment       0x00000000       0x31 binaries/xsh_arp.o
 .comment       0x00000000       0x31 binaries/xsh_cat.o
 .comment       0x00000000       0x31 binaries/xsh_clear.o
 .comment       0x00000000       0x31 binaries/xsh_date.o
 .comment       0x00000000       0x31 binaries/xsh_devdump.o
 .comment       0x00000000       0x31 binaries/xsh_echo.o
 .comment       0x00000000       0x31 binaries/xsh_exit.o
 .comment       0x00000000       0x31 binaries/xsh_help.o
 .comment       0x00000000       0x31 binaries/xsh_ipaddr.o
 .comment       0x00000000       0x31 binaries/xsh_kill.o
 .comment       0x00000000       0x31 binaries/xsh_led.o
 .comment       0x00000000       0x31 binaries/xsh_memdump.o
 .comment       0x00000000       0x31 binaries/xsh_memstat.o
 .comment       0x00000000       0x31 binaries/xsh_ping.o
 .comment       0x00000000       0x31 binaries/xsh_ps.o
 .comment       0x00000000       0x31 binaries/xsh_sleep.o
 .comment       0x00000000       0x31 binaries/xsh_udpdump.o
 .comment       0x00000000       0x31 binaries/xsh_udpecho.o
 .comment       0x00000000       0x31 binaries/xsh_udpeserver.o
 .comment       0x00000000       0x31 binaries/xsh_uptime.o

.debug_frame    0x00000000       0x40
 .debug_frame   0x00000000       0x20 /homes/cs354/bin/cross_compiler/lib/gcc/arm-none-eabi/4.8.1//libgcc.a(_udivsi3.o)
 .debug_frame   0x00000020       0x20 /homes/cs354/bin/cross_compiler/lib/gcc/arm-none-eabi/4.8.1//libgcc.a(_divsi3.o)
